Archive member included because of file (symbol)

lib/libnios2rte-db_4ce10.a(alt_load.o)
                              lib/crt0.o (alt_load)
lib/libnios2rte-db_4ce10.a(alt_main.o)
                              lib/crt0.o (alt_main)
lib/libnios2rte-db_4ce10.a(button.o)
                              main.o (button_wait)
lib/libnios2rte-db_4ce10.a(led.o)
                              main.o (ledb_vals)
lib/libnios2rte-db_4ce10.a(program.o)
                              main.o (program_run)
lib/libnios2rte-db_4ce10.a(roomba.o)
                              lib/libnios2rte-db_4ce10.a(program.o) (PACKET_BUMPS_WHEELDROPS)
lib/libnios2rte-db_4ce10.a(tools.o)
                              lib/libnios2rte-db_4ce10.a(program.o) (my_sleep)
lib/libnios2rte-db_4ce10.a(uart.o)
                              lib/libnios2rte-db_4ce10.a(roomba.o) (uart_write_byte)
lib/libnios2rte-db_4ce10.a(workbench.o)
                              lib/libnios2rte-db_4ce10.a(program.o) (workbenches_init)
lib/libnios2rte-db_4ce10.a(mymath.o)
                              lib/libnios2rte-db_4ce10.a(workbench.o) (my_atan2)
/opt/altera12.0/nios2eds/bin/gnu/H-i686-pc-linux-gnu/bin/../lib/gcc/nios2-elf/4.1.2/../../../../nios2-elf/lib/libm.a(lib_a-s_atan.o)
                              lib/libnios2rte-db_4ce10.a(mymath.o) (atan)
/opt/altera12.0/nios2eds/bin/gnu/H-i686-pc-linux-gnu/bin/../lib/gcc/nios2-elf/4.1.2/../../../../nios2-elf/lib/libm.a(lib_a-s_fabs.o)
                              /opt/altera12.0/nios2eds/bin/gnu/H-i686-pc-linux-gnu/bin/../lib/gcc/nios2-elf/4.1.2/../../../../nios2-elf/lib/libm.a(lib_a-s_atan.o) (fabs)
/opt/altera12.0/nios2eds/bin/gnu/H-i686-pc-linux-gnu/bin/../lib/gcc/nios2-elf/4.1.2/libgcc.a(_addsub_sf.o)
                              lib/libnios2rte-db_4ce10.a(mymath.o) (__subsf3)
/opt/altera12.0/nios2eds/bin/gnu/H-i686-pc-linux-gnu/bin/../lib/gcc/nios2-elf/4.1.2/libgcc.a(_mul_sf.o)
                              lib/libnios2rte-db_4ce10.a(roomba.o) (__mulsf3)
/opt/altera12.0/nios2eds/bin/gnu/H-i686-pc-linux-gnu/bin/../lib/gcc/nios2-elf/4.1.2/libgcc.a(_div_sf.o)
                              lib/libnios2rte-db_4ce10.a(roomba.o) (__divsf3)
/opt/altera12.0/nios2eds/bin/gnu/H-i686-pc-linux-gnu/bin/../lib/gcc/nios2-elf/4.1.2/libgcc.a(_eq_sf.o)
                              lib/libnios2rte-db_4ce10.a(mymath.o) (__eqsf2)
/opt/altera12.0/nios2eds/bin/gnu/H-i686-pc-linux-gnu/bin/../lib/gcc/nios2-elf/4.1.2/libgcc.a(_ne_sf.o)
                              lib/libnios2rte-db_4ce10.a(mymath.o) (__nesf2)
/opt/altera12.0/nios2eds/bin/gnu/H-i686-pc-linux-gnu/bin/../lib/gcc/nios2-elf/4.1.2/libgcc.a(_gt_sf.o)
                              lib/libnios2rte-db_4ce10.a(mymath.o) (__gtsf2)
/opt/altera12.0/nios2eds/bin/gnu/H-i686-pc-linux-gnu/bin/../lib/gcc/nios2-elf/4.1.2/libgcc.a(_lt_sf.o)
                              lib/libnios2rte-db_4ce10.a(mymath.o) (__ltsf2)
/opt/altera12.0/nios2eds/bin/gnu/H-i686-pc-linux-gnu/bin/../lib/gcc/nios2-elf/4.1.2/libgcc.a(_si_to_sf.o)
                              lib/libnios2rte-db_4ce10.a(roomba.o) (__floatsisf)
/opt/altera12.0/nios2eds/bin/gnu/H-i686-pc-linux-gnu/bin/../lib/gcc/nios2-elf/4.1.2/libgcc.a(_sf_to_si.o)
                              lib/libnios2rte-db_4ce10.a(roomba.o) (__fixsfsi)
/opt/altera12.0/nios2eds/bin/gnu/H-i686-pc-linux-gnu/bin/../lib/gcc/nios2-elf/4.1.2/libgcc.a(_sf_to_df.o)
                              lib/libnios2rte-db_4ce10.a(mymath.o) (__extendsfdf2)
/opt/altera12.0/nios2eds/bin/gnu/H-i686-pc-linux-gnu/bin/../lib/gcc/nios2-elf/4.1.2/libgcc.a(_thenan_sf.o)
                              /opt/altera12.0/nios2eds/bin/gnu/H-i686-pc-linux-gnu/bin/../lib/gcc/nios2-elf/4.1.2/libgcc.a(_addsub_sf.o) (__thenan_sf)
/opt/altera12.0/nios2eds/bin/gnu/H-i686-pc-linux-gnu/bin/../lib/gcc/nios2-elf/4.1.2/libgcc.a(_addsub_df.o)
                              lib/libnios2rte-db_4ce10.a(mymath.o) (__subdf3)
/opt/altera12.0/nios2eds/bin/gnu/H-i686-pc-linux-gnu/bin/../lib/gcc/nios2-elf/4.1.2/libgcc.a(_mul_df.o)
                              lib/libnios2rte-db_4ce10.a(mymath.o) (__muldf3)
/opt/altera12.0/nios2eds/bin/gnu/H-i686-pc-linux-gnu/bin/../lib/gcc/nios2-elf/4.1.2/libgcc.a(_div_df.o)
                              lib/libnios2rte-db_4ce10.a(mymath.o) (__divdf3)
/opt/altera12.0/nios2eds/bin/gnu/H-i686-pc-linux-gnu/bin/../lib/gcc/nios2-elf/4.1.2/libgcc.a(_gt_df.o)
                              lib/libnios2rte-db_4ce10.a(mymath.o) (__gtdf2)
/opt/altera12.0/nios2eds/bin/gnu/H-i686-pc-linux-gnu/bin/../lib/gcc/nios2-elf/4.1.2/libgcc.a(_make_df.o)
                              /opt/altera12.0/nios2eds/bin/gnu/H-i686-pc-linux-gnu/bin/../lib/gcc/nios2-elf/4.1.2/libgcc.a(_sf_to_df.o) (__make_dp)
/opt/altera12.0/nios2eds/bin/gnu/H-i686-pc-linux-gnu/bin/../lib/gcc/nios2-elf/4.1.2/libgcc.a(_df_to_sf.o)
                              lib/libnios2rte-db_4ce10.a(mymath.o) (__truncdfsf2)
/opt/altera12.0/nios2eds/bin/gnu/H-i686-pc-linux-gnu/bin/../lib/gcc/nios2-elf/4.1.2/libgcc.a(_thenan_df.o)
[...]
Memory Configuration

Name             Origin             Length             Attributes
reset            0x01000000         0x00000020
sdram            0x01000020         0x00ffffe0
onchip_mem       0x02000000         0x00008000
*default*        0x00000000         0xffffffff

Linker script and memory map

LOAD lib/crt0.o
LOAD main.o
LOAD lib/libnios2rte-db_4ce10.a
LOAD /opt/altera12.0/nios2eds/bin/gnu/H-i686-pc-linux-gnu/bin/../lib/gcc/nios2-elf/4.1.2/../../../../nios2-elf/lib/libstdc++.a
LOAD /opt/altera12.0/nios2eds/bin/gnu/H-i686-pc-linux-gnu/bin/../lib/gcc/nios2-elf/4.1.2/../../../../nios2-elf/lib/libm.a
LOAD /opt/altera12.0/nios2eds/bin/gnu/H-i686-pc-linux-gnu/bin/../lib/gcc/nios2-elf/4.1.2/libgcc.a
START GROUP
LOAD /opt/altera12.0/nios2eds/bin/gnu/H-i686-pc-linux-gnu/bin/../lib/gcc/nios2-elf/4.1.2/../../../../nios2-elf/lib/libc.a
LOAD /opt/altera12.0/nios2eds/bin/gnu/H-i686-pc-linux-gnu/bin/../lib/gcc/nios2-elf/4.1.2/libgcc.a
LOAD /opt/altera12.0/nios2eds/bin/gnu/H-i686-pc-linux-gnu/bin/../lib/gcc/nios2-elf/4.1.2/../../../../nios2-elf/lib/libnosys.a
LOAD /opt/altera12.0/nios2eds/bin/gnu/H-i686-pc-linux-gnu/bin/../lib/gcc/nios2-elf/4.1.2/../../../../nios2-elf/lib/libstack.a
END GROUP
LOAD /opt/altera12.0/nios2eds/bin/gnu/H-i686-pc-linux-gnu/bin/../lib/gcc/nios2-elf/4.1.2/libgcc.a
                [0x00001000]                __USTACK_SIZE = DEFINED (__USTACK_SIZE)?__USTACK_SIZE:0x1000
                0x02000000                __alt_mem_onchip_mem = 0x2000000

.entry          0x01000000        0x0
 *(.entry)
 .entry         0x01000000        0x0 lib/crt0.o
                0x01000000                __reset

.exceptions     0x01000020        0x0
                0x01000020                PROVIDE (__ram_exceptions_start, ABSOLUTE (.))
                0x01000020                . = ALIGN (0x20)
 *(.irq)
 *(.exceptions.entry.label)
 *(.exceptions.entry.user)
 *(.exceptions.entry)
 *(.exceptions.irqtest.user)
 *(.exceptions.irqtest)
 *(.exceptions.irqhandler.user)
 *(.exceptions.irqhandler)
 *(.exceptions.irqreturn.user)
 *(.exceptions.irqreturn)
 *(.exceptions.notirq.label)
 *(.exceptions.notirq.user)
 *(.exceptions.notirq)
 *(.exceptions.soft.user)
 *(.exceptions.soft)
 *(.exceptions.unknown.user)
 *(.exceptions.unknown)
 *(.exceptions.exit.label)
 *(.exceptions.exit.user)
 *(.exceptions.exit)
 *(.exceptions)
                0x01000020                PROVIDE (__ram_exceptions_end, ABSOLUTE (.))
                0x01000020                PROVIDE (__flash_exceptions_start, LOADADDR (.exceptions))

.text           0x01000020     0x590c
                0x01000020                PROVIDE (stext, ABSOLUTE (.))
 *(.interp)
 *(.hash)
 *(.dynsym)
 *(.dynstr)
 *(.gnu.version)
 *(.gnu.version_d)
 *(.gnu.version_r)
 *(.rel.init)
 *(.rela.init)
 *(.rel.text .rel.text.* .rel.gnu.linkonce.t.*)
 *(.rela.text .rela.text.* .rela.gnu.linkonce.t.*)
 *(.rel.fini)
 *(.rela.fini)
 *(.rel.rodata .rel.rodata.* .rel.gnu.linkonce.r.*)
 *(.rela.rodata .rela.rodata.* .rela.gnu.linkonce.r.*)
 *(.rel.data .rel.data.* .rel.gnu.linkonce.d.*)
 *(.rela.data .rela.data.* .rela.gnu.linkonce.d.*)
 *(.rel.tdata .rel.tdata.* .rel.gnu.linkonce.td.*)
 *(.rela.tdata .rela.tdata.* .rela.gnu.linkonce.td.*)
 *(.rel.tbss .rel.tbss.* .rel.gnu.linkonce.tb.*)
 *(.rela.tbss .rela.tbss.* .rela.gnu.linkonce.tb.*)
 *(.rel.ctors)
 *(.rela.ctors)
 *(.rel.dtors)
 *(.rela.dtors)
 *(.rel.got)
 *(.rela.got)
 *(.rel.sdata .rel.sdata.* .rel.gnu.linkonce.s.*)
 *(.rela.sdata .rela.sdata.* .rela.gnu.linkonce.s.*)
 *(.rel.sbss .rel.sbss.* .rel.gnu.linkonce.sb.*)
 *(.rela.sbss .rela.sbss.* .rela.gnu.linkonce.sb.*)
 *(.rel.sdata2 .rel.sdata2.* .rel.gnu.linkonce.s2.*)
 *(.rela.sdata2 .rela.sdata2.* .rela.gnu.linkonce.s2.*)
 *(.rel.sbss2 .rel.sbss2.* .rel.gnu.linkonce.sb2.*)
 *(.rela.sbss2 .rela.sbss2.* .rela.gnu.linkonce.sb2.*)
 *(.rel.bss .rel.bss.* .rel.gnu.linkonce.b.*)
 *(.rela.bss .rela.bss.* .rela.gnu.linkonce.b.*)
 *(.rel.plt)
 *(.rela.plt)
 *(.rel.dyn)
 *(.init)
 *(.plt)
 *(.text .stub .text.* .gnu.linkonce.t.*)
 .text          0x01000020       0x3c lib/crt0.o
                0x01000020                _start
                0x0100005c                _switch_context
 .text          0x0100005c       0x60 main.o
                0x0100005c                main
 .text          0x010000bc       0xe4 lib/libnios2rte-db_4ce10.a(alt_load.o)
                0x010000bc                alt_load
 .text          0x010001a0       0x34 lib/libnios2rte-db_4ce10.a(alt_main.o)
                0x010001a0                alt_main
 .text          0x010001d4      0x12c lib/libnios2rte-db_4ce10.a(button.o)
                0x010001d4                button_pressed
                0x01000248                button_wait
 .text          0x01000300       0x5c lib/libnios2rte-db_4ce10.a(led.o)
                0x01000300                led_init
                0x0100032c                led_set_blue
 .text          0x0100035c      0xd2c lib/libnios2rte-db_4ce10.a(program.o)
                0x0100035c                program_run
                0x010004d4                intToAscii
                0x010005e8                setProgramState
                0x010006b8                handleStateInit
                0x01000818                handleStateCalibrate
                0x0100094c                handleStateDrive
                0x01000a90                handleStateCollision
                0x01000d74                handleStateSeekdock
                0x01000d90                handleStateDocked
                0x01000dac                handleSubStateLeaveDock
                0x01000e64                handleSubStateAngleApproach
                0x01001050                handleSubStateLineApproach
                0x0100106c                handleSubStateFenceApproach
 .text          0x01001088      0xc6c lib/libnios2rte-db_4ce10.a(roomba.o)
                0x01001088                init_roomba
                0x010010c8                roomba_calibrate_angle
                0x01001308                roomba_calibrate_distance
                0x0100156c                query_sensor
                0x010016cc                as_calibrated_angle
                0x01001738                as_calibrated_distance
                0x010017a4                query_list
                0x010017f0                write_query_list
                0x01001888                read_query_list
                0x01001a24                write_sevenseg_digits
                0x01001aa0                setWeekdayLed
                0x01001af4                setLed
                0x01001b68                drive
                0x01001c2c                stop
                0x01001c74                check_button
                0x01001cb0                calculateTimeToDrive
 .text          0x01001cf4      0x184 lib/libnios2rte-db_4ce10.a(tools.o)
                0x01001cf4                my_sleep
                0x01001db8                invert_byte_order32
                0x01001e2c                invert_byte_order16
 .text          0x01001e78      0x1e0 lib/libnios2rte-db_4ce10.a(uart.o)
                0x01001e78                uart_init
                0x01001e94                uart_putchar
                0x01001efc                uart_puts
                0x01001fac                uart_write_byte
                0x01001ffc                uart_read_byte
 .text          0x01002058      0x758 lib/libnios2rte-db_4ce10.a(workbench.o)
                0x01002058                workbenches_init
                0x01002174                get_angle
                0x01002554                get_distance
 .text          0x010027b0      0x828 lib/libnios2rte-db_4ce10.a(mymath.o)
                0x010027b0                my_atan
                0x01002bb4                my_atan2
                0x01002e3c                radToDeg
                0x01002eb8                degToRad
                0x01002f50                my_square_root
 .text          0x01002fd8      0x698 /opt/altera12.0/nios2eds/bin/gnu/H-i686-pc-linux-gnu/bin/../lib/gcc/nios2-elf/4.1.2/../../../../nios2-elf/lib/libm.a(lib_a-s_atan.o)
                0x01002fd8                atan
 .text          0x01003670       0x18 /opt/altera12.0/nios2eds/bin/gnu/H-i686-pc-linux-gnu/bin/../lib/gcc/nios2-elf/4.1.2/../../../../nios2-elf/lib/libm.a(lib_a-s_fabs.o)
                0x01003670                fabs
 .text          0x01003688      0x2b8 /opt/altera12.0/nios2eds/bin/gnu/H-i686-pc-linux-gnu/bin/../lib/gcc/nios2-elf/4.1.2/libgcc.a(_addsub_sf.o)
                0x0100386c                __subsf3
                0x010038dc                __addsf3
 .text          0x01003940      0x1e0 /opt/altera12.0/nios2eds/bin/gnu/H-i686-pc-linux-gnu/bin/../lib/gcc/nios2-elf/4.1.2/libgcc.a(_mul_sf.o)
                0x01003940                __mulsf3
 .text          0x01003b20      0x174 /opt/altera12.0/nios2eds/bin/gnu/H-i686-pc-linux-gnu/bin/../lib/gcc/nios2-elf/4.1.2/libgcc.a(_div_sf.o)
                0x01003b20                __divsf3
 .text          0x01003c94       0x78 /opt/altera12.0/nios2eds/bin/gnu/H-i686-pc-linux-gnu/bin/../lib/gcc/nios2-elf/4.1.2/libgcc.a(_eq_sf.o)
                0x01003c94                __eqsf2
 .text          0x01003d0c       0x78 /opt/altera12.0/nios2eds/bin/gnu/H-i686-pc-linux-gnu/bin/../lib/gcc/nios2-elf/4.1.2/libgcc.a(_ne_sf.o)
                0x01003d0c                __nesf2
 .text          0x01003d84       0x78 /opt/altera12.0/nios2eds/bin/gnu/H-i686-pc-linux-gnu/bin/../lib/gcc/nios2-elf/4.1.2/libgcc.a(_gt_sf.o)
                0x01003d84                __gtsf2
 .text          0x01003dfc       0x78 /opt/altera12.0/nios2eds/bin/gnu/H-i686-pc-linux-gnu/bin/../lib/gcc/nios2-elf/4.1.2/libgcc.a(_lt_sf.o)
                0x01003dfc                __ltsf2
 .text          0x01003e74       0x98 /opt/altera12.0/nios2eds/bin/gnu/H-i686-pc-linux-gnu/bin/../lib/gcc/nios2-elf/4.1.2/libgcc.a(_si_to_sf.o)
                0x01003e74                __floatsisf
 .text          0x01003f0c       0x94 /opt/altera12.0/nios2eds/bin/gnu/H-i686-pc-linux-gnu/bin/../lib/gcc/nios2-elf/4.1.2/libgcc.a(_sf_to_si.o)
                0x01003f0c                __fixsfsi
 .text          0x01003fa0       0x54 /opt/altera12.0/nios2eds/bin/gnu/H-i686-pc-linux-gnu/bin/../lib/gcc/nios2-elf/4.1.2/libgcc.a(_sf_to_df.o)
                0x01003fa0                __extendsfdf2
 .text          0x01003ff4        0x0 /opt/altera12.0/nios2eds/bin/gnu/H-i686-pc-linux-gnu/bin/../lib/gcc/nios2-elf/4.1.2/libgcc.a(_thenan_sf.o)
 .text          0x01003ff4      0x504 /opt/altera12.0/nios2eds/bin/gnu/H-i686-pc-linux-gnu/bin/../lib/gcc/nios2-elf/4.1.2/libgcc.a(_addsub_df.o)
                0x01004404                __subdf3
                0x01004484                __adddf3
 .text          0x010044f8      0x3c4 /opt/altera12.0/nios2eds/bin/gnu/H-i686-pc-linux-gnu/bin/../lib/gcc/nios2-elf/4.1.2/libgcc.a(_mul_df.o)
                0x010044f8                __muldf3
 .text          0x010048bc      0x258 /opt/altera12.0/nios2eds/bin/gnu/H-i686-pc-linux-gnu/bin/../lib/gcc/nios2-elf/4.1.2/libgcc.a(_div_df.o)
                0x010048bc                __divdf3
 .text          0x01004b14       0x88 /opt/altera12.0/nios2eds/bin/gnu/H-i686-pc-linux-gnu/bin/../lib/gcc/nios2-elf/4.1.2/libgcc.a(_gt_df.o)
                0x01004b14                __gtdf2
 .text          0x01004b9c       0x38 /opt/altera12.0/nios2eds/bin/gnu/H-i686-pc-linux-gnu/bin/../lib/gcc/nios2-elf/4.1.2/libgcc.a(_make_df.o)
                0x01004b9c                __make_dp
 .text          0x01004bd4       0x74 /opt/altera12.0/nios2eds/bin/gnu/H-i686-pc-linux-gnu/bin/../lib/gcc/nios2-elf/4.1.2/libgcc.a(_df_to_sf.o)
                0x01004bd4                __truncdfsf2
 .text          0x01004c48        0x0 /opt/altera12.0/nios2eds/bin/gnu/H-i686-pc-linux-gnu/bin/../lib/gcc/nios2-elf/4.1.2/libgcc.a(_thenan_df.o)
 .text          0x01004c48      0x14c /opt/altera12.0/nios2eds/bin/gnu/H-i686-pc-linux-gnu/bin/../lib/gcc/nios2-elf/4.1.2/libgcc.a(lib2-divmod.o)
                0x01004cc4                __divsi3
                0x01004d24                __modsi3
                0x01004d84                __udivsi3
                0x01004d8c                __umodsi3
 .text          0x01004d94       0x38 /opt/altera12.0/nios2eds/bin/gnu/H-i686-pc-linux-gnu/bin/../lib/gcc/nios2-elf/4.1.2/libgcc.a(lib2-mul.o)
                0x01004d94                __mulsi3
 .text          0x01004dcc       0x98 /opt/altera12.0/nios2eds/bin/gnu/H-i686-pc-linux-gnu/bin/../lib/gcc/nios2-elf/4.1.2/libgcc.a(_muldi3.o)
                0x01004dcc                __muldi3
 .text          0x01004e64       0x80 /opt/altera12.0/nios2eds/bin/gnu/H-i686-pc-linux-gnu/bin/../lib/gcc/nios2-elf/4.1.2/libgcc.a(_clzsi2.o)
                0x01004e64                __clzsi2
 .text          0x01004ee4      0x160 /opt/altera12.0/nios2eds/bin/gnu/H-i686-pc-linux-gnu/bin/../lib/gcc/nios2-elf/4.1.2/libgcc.a(_pack_sf.o)
                0x01004ee4                __pack_f
 .text          0x01005044       0xc8 /opt/altera12.0/nios2eds/bin/gnu/H-i686-pc-linux-gnu/bin/../lib/gcc/nios2-elf/4.1.2/libgcc.a(_unpack_sf.o)
                0x01005044                __unpack_f
 .text          0x0100510c       0xa8 /opt/altera12.0/nios2eds/bin/gnu/H-i686-pc-linux-gnu/bin/../lib/gcc/nios2-elf/4.1.2/libgcc.a(_fpcmp_parts_sf.o)
                0x0100510c                __fpcmp_parts_f
 .text          0x010051b4       0x2c /opt/altera12.0/nios2eds/bin/gnu/H-i686-pc-linux-gnu/bin/../lib/gcc/nios2-elf/4.1.2/libgcc.a(_make_sf.o)
                0x010051b4                __make_fp
 .text          0x010051e0      0x314 /opt/altera12.0/nios2eds/bin/gnu/H-i686-pc-linux-gnu/bin/../lib/gcc/nios2-elf/4.1.2/libgcc.a(_pack_df.o)
                0x010051e0                __pack_d
 .text          0x010054f4      0x138 /opt/altera12.0/nios2eds/bin/gnu/H-i686-pc-linux-gnu/bin/../lib/gcc/nios2-elf/4.1.2/libgcc.a(_unpack_df.o)
                0x010054f4                __unpack_d
 .text          0x0100562c       0xc8 /opt/altera12.0/nios2eds/bin/gnu/H-i686-pc-linux-gnu/bin/../lib/gcc/nios2-elf/4.1.2/libgcc.a(_fpcmp_parts_df.o)
                0x0100562c                __fpcmp_parts_d
 .text          0x010056f4        0x0 /opt/altera12.0/nios2eds/bin/gnu/H-i686-pc-linux-gnu/bin/../lib/gcc/nios2-elf/4.1.2/libgcc.a(_clz.o)
 .text          0x010056f4       0x38 /opt/altera12.0/nios2eds/bin/gnu/H-i686-pc-linux-gnu/bin/../lib/gcc/nios2-elf/4.1.2/../../../../nios2-elf/lib/libc.a(lib_a-exit.o)
                0x010056f4                exit
 .text          0x0100572c        0x0 /opt/altera12.0/nios2eds/bin/gnu/H-i686-pc-linux-gnu/bin/../lib/gcc/nios2-elf/4.1.2/../../../../nios2-elf/lib/libc.a(lib_a-impure.o)
 .text          0x0100572c      0x1b4 /opt/altera12.0/nios2eds/bin/gnu/H-i686-pc-linux-gnu/bin/../lib/gcc/nios2-elf/4.1.2/../../../../nios2-elf/lib/libc.a(lib_a-__call_atexit.o)
                0x01005730                __call_exitprocs
 .text          0x010058e0       0x18 /opt/altera12.0/nios2eds/bin/gnu/H-i686-pc-linux-gnu/bin/../lib/gcc/nios2-elf/4.1.2/../../../../nios2-elf/lib/libnosys.a(nosys_close.o)
                0x010058e0                close
 .text          0x010058f8       0x30 /opt/altera12.0/nios2eds/bin/gnu/H-i686-pc-linux-gnu/bin/../lib/gcc/nios2-elf/4.1.2/../../../../nios2-elf/lib/libnosys.a(nosys_exit.o)
                0x010058f8                __fake_fini
                0x010058f8                _fini
                0x010058fc                _exit
 .text          0x01005928        0x0 /opt/altera12.0/nios2eds/bin/gnu/H-i686-pc-linux-gnu/bin/../lib/gcc/nios2-elf/4.1.2/../../../../nios2-elf/lib/libc.a(lib_a-int_errno.o)
 *(.gnu.warning.*)
 *(.fini)
                0x01005928                PROVIDE (__etext, ABSOLUTE (.))
                0x01005928                PROVIDE (_etext, ABSOLUTE (.))
                0x01005928                PROVIDE (etext, ABSOLUTE (.))
 *(.eh_frame_hdr)
                0x01005928                . = ALIGN (0x4)
                0x01005928                PROVIDE (__preinit_array_start, ABSOLUTE (.))
 *(.preinit_array)
                0x01005928                PROVIDE (__preinit_array_end, ABSOLUTE (.))
                0x01005928                PROVIDE (__init_array_start, ABSOLUTE (.))
 *(.init_array)
                0x01005928                PROVIDE (__init_array_end, ABSOLUTE (.))
                0x01005928                PROVIDE (__fini_array_start, ABSOLUTE (.))
 *(.fini_array)
                0x01005928                PROVIDE (__fini_array_end, ABSOLUTE (.))
 *(.eh_frame)
 *(.gcc_except_table)
 *(.dynamic)
                0x01005928                PROVIDE (__CTOR_LIST__, ABSOLUTE (.))
 *(.ctors)
 *(SORT(.ctors.*))
 .ctors.65535   0x01005928        0x4 /opt/altera12.0/nios2eds/bin/gnu/H-i686-pc-linux-gnu/bin/../lib/gcc/nios2-elf/4.1.2/../../../../nios2-elf/lib/libc.a(lib_a-__call_atexit.o)
                0x0100592c                PROVIDE (__CTOR_END__, ABSOLUTE (.))
                0x0100592c                PROVIDE (__DTOR_LIST__, ABSOLUTE (.))
 *(.dtors)
 *(SORT(.dtors.*))
                0x0100592c                PROVIDE (__DTOR_END__, ABSOLUTE (.))
 *(.jcr)
                0x0100592c                . = ALIGN (0x4)

.rodata         0x0100592c      0x180
                0x0100592c                PROVIDE (__ram_rodata_start, ABSOLUTE (.))
                0x0100592c                . = ALIGN (0x4)
 *(.rodata .rodata.* .gnu.linkonce.r.*)
 .rodata        0x0100592c       0x18 lib/libnios2rte-db_4ce10.a(led.o)
                0x0100592c                ledb_vals
 .rodata        0x01005944       0x40 /opt/altera12.0/nios2eds/bin/gnu/H-i686-pc-linux-gnu/bin/../lib/gcc/nios2-elf/4.1.2/../../../../nios2-elf/lib/libm.a(lib_a-s_atan.o)
 .rodata        0x01005984       0x10 /opt/altera12.0/nios2eds/bin/gnu/H-i686-pc-linux-gnu/bin/../lib/gcc/nios2-elf/4.1.2/libgcc.a(_thenan_sf.o)
                0x01005984                __thenan_sf
 .rodata        0x01005994       0x14 /opt/altera12.0/nios2eds/bin/gnu/H-i686-pc-linux-gnu/bin/../lib/gcc/nios2-elf/4.1.2/libgcc.a(_thenan_df.o)
                0x01005994                __thenan_df
 .rodata        0x010059a8      0x100 /opt/altera12.0/nios2eds/bin/gnu/H-i686-pc-linux-gnu/bin/../lib/gcc/nios2-elf/4.1.2/libgcc.a(_clz.o)
                0x010059a8                __clz_tab
 .rodata.str1.4
                0x01005aa8        0x4 /opt/altera12.0/nios2eds/bin/gnu/H-i686-pc-linux-gnu/bin/../lib/gcc/nios2-elf/4.1.2/../../../../nios2-elf/lib/libc.a(lib_a-impure.o)
 *(.rodata1)
                0x01005aac                . = ALIGN (0x4)
                0x01005aac                PROVIDE (__ram_rodata_end, ABSOLUTE (.))
                0x0100592c                PROVIDE (__flash_rodata_start, LOADADDR (.rodata))

.rwdata         0x01005aac      0x530 load address 0x01005fdc
                0x01005aac                PROVIDE (__ram_rwdata_start, ABSOLUTE (.))
                0x01005aac                . = ALIGN (0x4)
 *(.got.plt)
 *(.got)
 *(.data1)
 *(.data .data.* .gnu.linkonce.d.*)
 .data          0x01005aac        0x0 lib/crt0.o
 .data          0x01005aac        0x0 main.o
 .data          0x01005aac        0x0 lib/libnios2rte-db_4ce10.a(alt_load.o)
 .data          0x01005aac        0x0 lib/libnios2rte-db_4ce10.a(alt_main.o)
 .data          0x01005aac        0x0 lib/libnios2rte-db_4ce10.a(button.o)
 .data          0x01005aac        0x0 lib/libnios2rte-db_4ce10.a(led.o)
 .data          0x01005aac        0x0 lib/libnios2rte-db_4ce10.a(program.o)
 .data          0x01005aac       0x38 lib/libnios2rte-db_4ce10.a(roomba.o)
                0x01005aac                packet_queries
                0x01005ac0                roombadata
                0x01005ad4                roomba_sevenseg_digits
 .data          0x01005ae4        0x0 lib/libnios2rte-db_4ce10.a(tools.o)
 .data          0x01005ae4        0x0 lib/libnios2rte-db_4ce10.a(uart.o)
 .data          0x01005ae4       0x1c lib/libnios2rte-db_4ce10.a(workbench.o)
                0x01005ae4                DEFAULT_WORKBENCH
 .data          0x01005b00       0x34 lib/libnios2rte-db_4ce10.a(mymath.o)
 .data          0x01005b34        0x0 /opt/altera12.0/nios2eds/bin/gnu/H-i686-pc-linux-gnu/bin/../lib/gcc/nios2-elf/4.1.2/../../../../nios2-elf/lib/libm.a(lib_a-s_atan.o)
 .data          0x01005b34        0x0 /opt/altera12.0/nios2eds/bin/gnu/H-i686-pc-linux-gnu/bin/../lib/gcc/nios2-elf/4.1.2/../../../../nios2-elf/lib/libm.a(lib_a-s_fabs.o)
 .data          0x01005b34        0x0 /opt/altera12.0/nios2eds/bin/gnu/H-i686-pc-linux-gnu/bin/../lib/gcc/nios2-elf/4.1.2/libgcc.a(_addsub_sf.o)
 .data          0x01005b34        0x0 /opt/altera12.0/nios2eds/bin/gnu/H-i686-pc-linux-gnu/bin/../lib/gcc/nios2-elf/4.1.2/libgcc.a(_mul_sf.o)
 .data          0x01005b34        0x0 /opt/altera12.0/nios2eds/bin/gnu/H-i686-pc-linux-gnu/bin/../lib/gcc/nios2-elf/4.1.2/libgcc.a(_div_sf.o)
 .data          0x01005b34        0x0 /opt/altera12.0/nios2eds/bin/gnu/H-i686-pc-linux-gnu/bin/../lib/gcc/nios2-elf/4.1.2/libgcc.a(_eq_sf.o)
 .data          0x01005b34        0x0 /opt/altera12.0/nios2eds/bin/gnu/H-i686-pc-linux-gnu/bin/../lib/gcc/nios2-elf/4.1.2/libgcc.a(_ne_sf.o)
 .data          0x01005b34        0x0 /opt/altera12.0/nios2eds/bin/gnu/H-i686-pc-linux-gnu/bin/../lib/gcc/nios2-elf/4.1.2/libgcc.a(_gt_sf.o)
 .data          0x01005b34        0x0 /opt/altera12.0/nios2eds/bin/gnu/H-i686-pc-linux-gnu/bin/../lib/gcc/nios2-elf/4.1.2/libgcc.a(_lt_sf.o)
 .data          0x01005b34        0x0 /opt/altera12.0/nios2eds/bin/gnu/H-i686-pc-linux-gnu/bin/../lib/gcc/nios2-elf/4.1.2/libgcc.a(_si_to_sf.o)
 .data          0x01005b34        0x0 /opt/altera12.0/nios2eds/bin/gnu/H-i686-pc-linux-gnu/bin/../lib/gcc/nios2-elf/4.1.2/libgcc.a(_sf_to_si.o)
 .data          0x01005b34        0x0 /opt/altera12.0/nios2eds/bin/gnu/H-i686-pc-linux-gnu/bin/../lib/gcc/nios2-elf/4.1.2/libgcc.a(_sf_to_df.o)
 .data          0x01005b34        0x0 /opt/altera12.0/nios2eds/bin/gnu/H-i686-pc-linux-gnu/bin/../lib/gcc/nios2-elf/4.1.2/libgcc.a(_thenan_sf.o)
 .data          0x01005b34        0x0 /opt/altera12.0/nios2eds/bin/gnu/H-i686-pc-linux-gnu/bin/../lib/gcc/nios2-elf/4.1.2/libgcc.a(_addsub_df.o)
 .data          0x01005b34        0x0 /opt/altera12.0/nios2eds/bin/gnu/H-i686-pc-linux-gnu/bin/../lib/gcc/nios2-elf/4.1.2/libgcc.a(_mul_df.o)
 .data          0x01005b34        0x0 /opt/altera12.0/nios2eds/bin/gnu/H-i686-pc-linux-gnu/bin/../lib/gcc/nios2-elf/4.1.2/libgcc.a(_div_df.o)
 .data          0x01005b34        0x0 /opt/altera12.0/nios2eds/bin/gnu/H-i686-pc-linux-gnu/bin/../lib/gcc/nios2-elf/4.1.2/libgcc.a(_gt_df.o)
 .data          0x01005b34        0x0 /opt/altera12.0/nios2eds/bin/gnu/H-i686-pc-linux-gnu/bin/../lib/gcc/nios2-elf/4.1.2/libgcc.a(_make_df.o)
 .data          0x01005b34        0x0 /opt/altera12.0/nios2eds/bin/gnu/H-i686-pc-linux-gnu/bin/../lib/gcc/nios2-elf/4.1.2/libgcc.a(_df_to_sf.o)
 .data          0x01005b34        0x0 /opt/altera12.0/nios2eds/bin/gnu/H-i686-pc-linux-gnu/bin/../lib/gcc/nios2-elf/4.1.2/libgcc.a(_thenan_df.o)
 .data          0x01005b34        0x0 /opt/altera12.0/nios2eds/bin/gnu/H-i686-pc-linux-gnu/bin/../lib/gcc/nios2-elf/4.1.2/libgcc.a(lib2-divmod.o)
 .data          0x01005b34        0x0 /opt/altera12.0/nios2eds/bin/gnu/H-i686-pc-linux-gnu/bin/../lib/gcc/nios2-elf/4.1.2/libgcc.a(lib2-mul.o)
 .data          0x01005b34        0x0 /opt/altera12.0/nios2eds/bin/gnu/H-i686-pc-linux-gnu/bin/../lib/gcc/nios2-elf/4.1.2/libgcc.a(_muldi3.o)
 .data          0x01005b34        0x0 /opt/altera12.0/nios2eds/bin/gnu/H-i686-pc-linux-gnu/bin/../lib/gcc/nios2-elf/4.1.2/libgcc.a(_clzsi2.o)
 .data          0x01005b34        0x0 /opt/altera12.0/nios2eds/bin/gnu/H-i686-pc-linux-gnu/bin/../lib/gcc/nios2-elf/4.1.2/libgcc.a(_pack_sf.o)
 .data          0x01005b34        0x0 /opt/altera12.0/nios2eds/bin/gnu/H-i686-pc-linux-gnu/bin/../lib/gcc/nios2-elf/4.1.2/libgcc.a(_unpack_sf.o)
 .data          0x01005b34        0x0 /opt/altera12.0/nios2eds/bin/gnu/H-i686-pc-linux-gnu/bin/../lib/gcc/nios2-elf/4.1.2/libgcc.a(_fpcmp_parts_sf.o)
 .data          0x01005b34        0x0 /opt/altera12.0/nios2eds/bin/gnu/H-i686-pc-linux-gnu/bin/../lib/gcc/nios2-elf/4.1.2/libgcc.a(_make_sf.o)
 .data          0x01005b34        0x0 /opt/altera12.0/nios2eds/bin/gnu/H-i686-pc-linux-gnu/bin/../lib/gcc/nios2-elf/4.1.2/libgcc.a(_pack_df.o)
 .data          0x01005b34        0x0 /opt/altera12.0/nios2eds/bin/gnu/H-i686-pc-linux-gnu/bin/../lib/gcc/nios2-elf/4.1.2/libgcc.a(_unpack_df.o)
 .data          0x01005b34        0x0 /opt/altera12.0/nios2eds/bin/gnu/H-i686-pc-linux-gnu/bin/../lib/gcc/nios2-elf/4.1.2/libgcc.a(_fpcmp_parts_df.o)
 .data          0x01005b34        0x0 /opt/altera12.0/nios2eds/bin/gnu/H-i686-pc-linux-gnu/bin/../lib/gcc/nios2-elf/4.1.2/libgcc.a(_clz.o)
 .data          0x01005b34        0x0 /opt/altera12.0/nios2eds/bin/gnu/H-i686-pc-linux-gnu/bin/../lib/gcc/nios2-elf/4.1.2/../../../../nios2-elf/lib/libc.a(lib_a-exit.o)
 .data          0x01005b34      0x400 /opt/altera12.0/nios2eds/bin/gnu/H-i686-pc-linux-gnu/bin/../lib/gcc/nios2-elf/4.1.2/../../../../nios2-elf/lib/libc.a(lib_a-impure.o)
 .data          0x01005f34        0x0 /opt/altera12.0/nios2eds/bin/gnu/H-i686-pc-linux-gnu/bin/../lib/gcc/nios2-elf/4.1.2/../../../../nios2-elf/lib/libc.a(lib_a-__call_atexit.o)
 .data          0x01005f34        0x0 /opt/altera12.0/nios2eds/bin/gnu/H-i686-pc-linux-gnu/bin/../lib/gcc/nios2-elf/4.1.2/../../../../nios2-elf/lib/libnosys.a(nosys_close.o)
 .data          0x01005f34        0x0 /opt/altera12.0/nios2eds/bin/gnu/H-i686-pc-linux-gnu/bin/../lib/gcc/nios2-elf/4.1.2/../../../../nios2-elf/lib/libnosys.a(nosys_exit.o)
 .data          0x01005f34        0x0 /opt/altera12.0/nios2eds/bin/gnu/H-i686-pc-linux-gnu/bin/../lib/gcc/nios2-elf/4.1.2/../../../../nios2-elf/lib/libc.a(lib_a-int_errno.o)
                0x0100df34                _gp = ABSOLUTE ((. + 0x8000))
                0x0100df34                PROVIDE (gp, _gp)
 *(.rwdata .rwdata.*)
 *(.sdata .sdata.* .gnu.linkonce.s.*)
 .sdata         0x01005f34        0x2 lib/libnios2rte-db_4ce10.a(button.o)
                0x01005f34                button_vals
 *fill*         0x01005f36        0x2 00
 .sdata         0x01005f38        0x4 lib/libnios2rte-db_4ce10.a(program.o)
                0x01005f38                drive_state
 .sdata         0x01005f3c       0x96 lib/libnios2rte-db_4ce10.a(roomba.o)
                0x01005f3c                PACKET_BUMPS_WHEELDROPS
                0x01005f3f                PACKET_WALL
                0x01005f42                PACKET_CLIFF_LEFT
                0x01005f45                PACKET_CLIFF_FRONT_LEFT
                0x01005f48                PACKET_CLIFF_FRONT_RIGHT
                0x01005f4b                PACKET_CLIFF_RIGHT
                0x01005f4e                PACKET_VIRTUAL_WALL
                0x01005f51                PACKET_WHEEL_OVERCURRENTS
                0x01005f54                PACKET_DIRT_DETECT
                0x01005f57                PACKET_UNUSED_BYTE
                0x01005f5a                PACKET_INFRARED_CHARACTER_OMNI
                0x01005f5d                PACKET_BUTTONS
                0x01005f60                PACKET_DISTANCE
                0x01005f63                PACKET_ANGLE
                0x01005f66                PACKET_CHARGING_STATE
                0x01005f69                PACKET_VOLTAGE
                0x01005f6c                PACKET_CURRENT
                0x01005f6f                PACKET_TEMPERATURE
                0x01005f72                PACKET_BATTERY_CHARGE
                0x01005f75                PACKET_BATTERY_CAPICITY
                0x01005f78                PACKET_WALL_SIGNAL
                0x01005f7b                PACKET_CLIFF_LEFT_SIGNAL
                0x01005f7e                PACKET_CLIFF_FRONT_LEFT_SIGNAL
                0x01005f81                PACKET_CLIFF_FRONT_RIGHT_SIGNAL
                0x01005f84                PACKET_CLIFF_RIGHT_SIGNAL
                0x01005f87                PACKET_CHARGING_SOURCES_AVAILABLE
                0x01005f8a                PACKET_OI_MODE
                0x01005f8d                PACKET_SONG_NUMBER
                0x01005f90                PACKET_SONG_PLAYING
                0x01005f93                PACKET_NUMBER_OF_STREAM_PACKETS
                0x01005f96                PACKET_REQUESTED_VELOCITY
                0x01005f99                REQUESTED_RADIUS
                0x01005f9c                PACKET_REQUESTED_RIGHT_VELOCITY
                0x01005f9f                PACKET_REQUESTED_LEFT_VELOCITY
                0x01005fa2                PACKET_RIGHT_ENCODER_COUNTS
                0x01005fa5                PACKET_LEFT_ENCODER_COUNTS
                0x01005fa8                PACKET_LIGHT_BUMPER
                0x01005fab                PACKET_LIGHT_BUMP_LEFT_SIGNAL
                0x01005fae                PACKET_LIGHT_BUMP_FRONT_LEFT_SIGNAL
                0x01005fb1                PACKET_LIGHT_BUMP_CENTER_LEFT_SIGNAL
                0x01005fb4                PACKET_LIGHT_BUMP_CENTER_RIGHT_SIGNAL
                0x01005fb7                PACKET_LIGHT_BUMP_FRONT_RIGHT_SIGNAL
                0x01005fba                PACKET_LIGHT_BUMP_RIGHT_SIGNAL
                0x01005fbd                PACKET_INFRARED_CHARACTER_LEFT
                0x01005fc0                PACKET_INFRARED_CHARACTER_RIGHT
                0x01005fc3                PACKET_LEFT_MOTOR_CURRENT
                0x01005fc6                PACKET_RIGHT_MOTOR_CURRENT
                0x01005fc9                PACKET_MAIN_BRUSH_MOTOR_CURRENT
                0x01005fcc                PACKET_SIDE_BRUSH_MOTOR_CURRENT
                0x01005fcf                PACKET_STASIS
 *fill*         0x01005fd2        0x2 00
 .sdata         0x01005fd4        0x8 /opt/altera12.0/nios2eds/bin/gnu/H-i686-pc-linux-gnu/bin/../lib/gcc/nios2-elf/4.1.2/../../../../nios2-elf/lib/libc.a(lib_a-impure.o)
                0x01005fd4                _impure_ptr
                0x01005fd8                _global_impure_ptr
 *(.sdata2 .sdata2.* .gnu.linkonce.s2.*)
                0x01005fdc                . = ALIGN (0x4)
                0x01005fdc                _edata = ABSOLUTE (.)
                0x01005fdc                PROVIDE (edata, ABSOLUTE (.))
                0x01005fdc                PROVIDE (__ram_rwdata_end, ABSOLUTE (.))
                0x01005fdc                PROVIDE (__flash_rwdata_start, LOADADDR (.rwdata))

.bss            0x0100650c     0x10f8
                0x0100650c                __bss_start = ABSOLUTE (.)
                0x0100650c                PROVIDE (__sbss_start, ABSOLUTE (.))
                0x0100650c                PROVIDE (___sbss_start, ABSOLUTE (.))
 *(.dynsbss)
 *(.sbss .sbss.* .gnu.linkonce.sb.*)
 .sbss          0x0100650c        0xc lib/libnios2rte-db_4ce10.a(alt_main.o)
                0x0100650c                alt_argc
                0x01006510                alt_argv
                0x01006514                alt_envp
 .sbss          0x01006518       0x18 lib/libnios2rte-db_4ce10.a(program.o)
                0x01006518                display_whole_distance
                0x0100651c                planned_distance
                0x01006520                planned_angle
                0x01006524                driven_angle
                0x01006528                driven_distance
                0x0100652c                angle_approach_state
 .sbss          0x01006530       0x11 lib/libnios2rte-db_4ce10.a(program.o)
                0x01006530                program_state
                0x01006534                calibrate_state
                0x01006538                bumper_state
                0x0100653c                light_bumper_state
                0x01006540                button_state
 *fill*         0x01006541        0x3 00
 .sbss          0x01006544        0x4 /opt/altera12.0/nios2eds/bin/gnu/H-i686-pc-linux-gnu/bin/../lib/gcc/nios2-elf/4.1.2/../../../../nios2-elf/lib/libc.a(lib_a-int_errno.o)
                0x01006544                errno
 *(.sbss2 .sbss2.* .gnu.linkonce.sb2.*)
 *(.scommon)
                0x01006548                PROVIDE (__sbss_end, ABSOLUTE (.))
                0x01006548                PROVIDE (___sbss_end, ABSOLUTE (.))
 *(.dynbss)
 *(.bss .bss.* .gnu.linkonce.b.*)
 .bss           0x01006548        0x0 lib/crt0.o
 .bss           0x01006548        0x0 main.o
 .bss           0x01006548        0x0 lib/libnios2rte-db_4ce10.a(alt_load.o)
 .bss           0x01006548        0x0 lib/libnios2rte-db_4ce10.a(alt_main.o)
 .bss           0x01006548        0x0 lib/libnios2rte-db_4ce10.a(button.o)
 .bss           0x01006548        0x0 lib/libnios2rte-db_4ce10.a(led.o)
 .bss           0x01006548        0x0 lib/libnios2rte-db_4ce10.a(program.o)
 .bss           0x01006548        0x0 lib/libnios2rte-db_4ce10.a(roomba.o)
 .bss           0x01006548        0x0 lib/libnios2rte-db_4ce10.a(tools.o)
 .bss           0x01006548        0x0 lib/libnios2rte-db_4ce10.a(uart.o)
 .bss           0x01006548        0x0 lib/libnios2rte-db_4ce10.a(workbench.o)
 .bss           0x01006548        0x0 lib/libnios2rte-db_4ce10.a(mymath.o)
 .bss           0x01006548        0x0 /opt/altera12.0/nios2eds/bin/gnu/H-i686-pc-linux-gnu/bin/../lib/gcc/nios2-elf/4.1.2/../../../../nios2-elf/lib/libm.a(lib_a-s_atan.o)
 .bss           0x01006548        0x0 /opt/altera12.0/nios2eds/bin/gnu/H-i686-pc-linux-gnu/bin/../lib/gcc/nios2-elf/4.1.2/../../../../nios2-elf/lib/libm.a(lib_a-s_fabs.o)
 .bss           0x01006548        0x0 /opt/altera12.0/nios2eds/bin/gnu/H-i686-pc-linux-gnu/bin/../lib/gcc/nios2-elf/4.1.2/libgcc.a(_addsub_sf.o)
 .bss           0x01006548        0x0 /opt/altera12.0/nios2eds/bin/gnu/H-i686-pc-linux-gnu/bin/../lib/gcc/nios2-elf/4.1.2/libgcc.a(_mul_sf.o)
 .bss           0x01006548        0x0 /opt/altera12.0/nios2eds/bin/gnu/H-i686-pc-linux-gnu/bin/../lib/gcc/nios2-elf/4.1.2/libgcc.a(_div_sf.o)
 .bss           0x01006548        0x0 /opt/altera12.0/nios2eds/bin/gnu/H-i686-pc-linux-gnu/bin/../lib/gcc/nios2-elf/4.1.2/libgcc.a(_eq_sf.o)
 .bss           0x01006548        0x0 /opt/altera12.0/nios2eds/bin/gnu/H-i686-pc-linux-gnu/bin/../lib/gcc/nios2-elf/4.1.2/libgcc.a(_ne_sf.o)
 .bss           0x01006548        0x0 /opt/altera12.0/nios2eds/bin/gnu/H-i686-pc-linux-gnu/bin/../lib/gcc/nios2-elf/4.1.2/libgcc.a(_gt_sf.o)
 .bss           0x01006548        0x0 /opt/altera12.0/nios2eds/bin/gnu/H-i686-pc-linux-gnu/bin/../lib/gcc/nios2-elf/4.1.2/libgcc.a(_lt_sf.o)
 .bss           0x01006548        0x0 /opt/altera12.0/nios2eds/bin/gnu/H-i686-pc-linux-gnu/bin/../lib/gcc/nios2-elf/4.1.2/libgcc.a(_si_to_sf.o)
 .bss           0x01006548        0x0 /opt/altera12.0/nios2eds/bin/gnu/H-i686-pc-linux-gnu/bin/../lib/gcc/nios2-elf/4.1.2/libgcc.a(_sf_to_si.o)
 .bss           0x01006548        0x0 /opt/altera12.0/nios2eds/bin/gnu/H-i686-pc-linux-gnu/bin/../lib/gcc/nios2-elf/4.1.2/libgcc.a(_sf_to_df.o)
 .bss           0x01006548        0x0 /opt/altera12.0/nios2eds/bin/gnu/H-i686-pc-linux-gnu/bin/../lib/gcc/nios2-elf/4.1.2/libgcc.a(_thenan_sf.o)
 .bss           0x01006548        0x0 /opt/altera12.0/nios2eds/bin/gnu/H-i686-pc-linux-gnu/bin/../lib/gcc/nios2-elf/4.1.2/libgcc.a(_addsub_df.o)
 .bss           0x01006548        0x0 /opt/altera12.0/nios2eds/bin/gnu/H-i686-pc-linux-gnu/bin/../lib/gcc/nios2-elf/4.1.2/libgcc.a(_mul_df.o)
 .bss           0x01006548        0x0 /opt/altera12.0/nios2eds/bin/gnu/H-i686-pc-linux-gnu/bin/../lib/gcc/nios2-elf/4.1.2/libgcc.a(_div_df.o)
 .bss           0x01006548        0x0 /opt/altera12.0/nios2eds/bin/gnu/H-i686-pc-linux-gnu/bin/../lib/gcc/nios2-elf/4.1.2/libgcc.a(_gt_df.o)
 .bss           0x01006548        0x0 /opt/altera12.0/nios2eds/bin/gnu/H-i686-pc-linux-gnu/bin/../lib/gcc/nios2-elf/4.1.2/libgcc.a(_make_df.o)
 .bss           0x01006548        0x0 /opt/altera12.0/nios2eds/bin/gnu/H-i686-pc-linux-gnu/bin/../lib/gcc/nios2-elf/4.1.2/libgcc.a(_df_to_sf.o)
 .bss           0x01006548        0x0 /opt/altera12.0/nios2eds/bin/gnu/H-i686-pc-linux-gnu/bin/../lib/gcc/nios2-elf/4.1.2/libgcc.a(_thenan_df.o)
 .bss           0x01006548        0x0 /opt/altera12.0/nios2eds/bin/gnu/H-i686-pc-linux-gnu/bin/../lib/gcc/nios2-elf/4.1.2/libgcc.a(lib2-divmod.o)
 .bss           0x01006548        0x0 /opt/altera12.0/nios2eds/bin/gnu/H-i686-pc-linux-gnu/bin/../lib/gcc/nios2-elf/4.1.2/libgcc.a(lib2-mul.o)
 .bss           0x01006548        0x0 /opt/altera12.0/nios2eds/bin/gnu/H-i686-pc-linux-gnu/bin/../lib/gcc/nios2-elf/4.1.2/libgcc.a(_muldi3.o)
 .bss           0x01006548        0x0 /opt/altera12.0/nios2eds/bin/gnu/H-i686-pc-linux-gnu/bin/../lib/gcc/nios2-elf/4.1.2/libgcc.a(_clzsi2.o)
 .bss           0x01006548        0x0 /opt/altera12.0/nios2eds/bin/gnu/H-i686-pc-linux-gnu/bin/../lib/gcc/nios2-elf/4.1.2/libgcc.a(_pack_sf.o)
 .bss           0x01006548        0x0 /opt/altera12.0/nios2eds/bin/gnu/H-i686-pc-linux-gnu/bin/../lib/gcc/nios2-elf/4.1.2/libgcc.a(_unpack_sf.o)
 .bss           0x01006548        0x0 /opt/altera12.0/nios2eds/bin/gnu/H-i686-pc-linux-gnu/bin/../lib/gcc/nios2-elf/4.1.2/libgcc.a(_fpcmp_parts_sf.o)
 .bss           0x01006548        0x0 /opt/altera12.0/nios2eds/bin/gnu/H-i686-pc-linux-gnu/bin/../lib/gcc/nios2-elf/4.1.2/libgcc.a(_make_sf.o)
 .bss           0x01006548        0x0 /opt/altera12.0/nios2eds/bin/gnu/H-i686-pc-linux-gnu/bin/../lib/gcc/nios2-elf/4.1.2/libgcc.a(_pack_df.o)
 .bss           0x01006548        0x0 /opt/altera12.0/nios2eds/bin/gnu/H-i686-pc-linux-gnu/bin/../lib/gcc/nios2-elf/4.1.2/libgcc.a(_unpack_df.o)
 .bss           0x01006548        0x0 /opt/altera12.0/nios2eds/bin/gnu/H-i686-pc-linux-gnu/bin/../lib/gcc/nios2-elf/4.1.2/libgcc.a(_fpcmp_parts_df.o)
 .bss           0x01006548        0x0 /opt/altera12.0/nios2eds/bin/gnu/H-i686-pc-linux-gnu/bin/../lib/gcc/nios2-elf/4.1.2/libgcc.a(_clz.o)
 .bss           0x01006548        0x0 /opt/altera12.0/nios2eds/bin/gnu/H-i686-pc-linux-gnu/bin/../lib/gcc/nios2-elf/4.1.2/../../../../nios2-elf/lib/libc.a(lib_a-exit.o)
 .bss           0x01006548        0x0 /opt/altera12.0/nios2eds/bin/gnu/H-i686-pc-linux-gnu/bin/../lib/gcc/nios2-elf/4.1.2/../../../../nios2-elf/lib/libc.a(lib_a-impure.o)
 .bss           0x01006548        0x0 /opt/altera12.0/nios2eds/bin/gnu/H-i686-pc-linux-gnu/bin/../lib/gcc/nios2-elf/4.1.2/../../../../nios2-elf/lib/libc.a(lib_a-__call_atexit.o)
 .bss           0x01006548        0x0 /opt/altera12.0/nios2eds/bin/gnu/H-i686-pc-linux-gnu/bin/../lib/gcc/nios2-elf/4.1.2/../../../../nios2-elf/lib/libnosys.a(nosys_close.o)
 .bss           0x01006548        0x0 /opt/altera12.0/nios2eds/bin/gnu/H-i686-pc-linux-gnu/bin/../lib/gcc/nios2-elf/4.1.2/../../../../nios2-elf/lib/libnosys.a(nosys_exit.o)
 .bss           0x01006548        0x0 /opt/altera12.0/nios2eds/bin/gnu/H-i686-pc-linux-gnu/bin/../lib/gcc/nios2-elf/4.1.2/../../../../nios2-elf/lib/libc.a(lib_a-int_errno.o)
 *(COMMON)
 COMMON         0x01006548       0xa8 lib/libnios2rte-db_4ce10.a(program.o)
                0x01006548                workbenches
 COMMON         0x010065f0       0x14 lib/libnios2rte-db_4ce10.a(roomba.o)
                0x010065f0                query_results
                0x01006604                . = ALIGN (0x4)
                0x01006604                __USTACK_TOP = .
                0x01007604                . = (__USTACK_TOP + __USTACK_SIZE)
 *fill*         0x01006604     0x1000 00
                0x01007604                __USTACK_BOTTOM = .
                0x01007604                __bss_end = ABSOLUTE (.)
                0x01007604                __alt_data_end = ALIGN (0x4)

.sdram          0x01007604        0x0
                0x01007604                PROVIDE (_alt_partition_sdram_start, ABSOLUTE (.))
 *(.sdram. sdram.*)
                0x01007604                . = ALIGN (0x4)
                0x01007604                PROVIDE (_alt_partition_sdram_end, ABSOLUTE (.))
                0x01007604                _end = ABSOLUTE (.)
                0x01007604                end = ABSOLUTE (.)
                0x01007604                PROVIDE (_alt_partition_sdram_load_addr, LOADADDR (.sdram))

.stab
 *(.stab)

.stabstr
 *(.stabstr)

.stab.excl
 *(.stab.excl)

.stab.exclstr
 *(.stab.exclstr)

.stab.index
 *(.stab.index)

.stab.indexstr
 *(.stab.indexstr)

.comment        0x00000000       0x23
 *(.comment)
 .comment       0x00000000       0x23 main.o
                                 0x24 (size before relaxing)
 .comment       0x00000000       0x24 lib/libnios2rte-db_4ce10.a(alt_load.o)
 .comment       0x00000000       0x24 lib/libnios2rte-db_4ce10.a(alt_main.o)
 .comment       0x00000000       0x24 lib/libnios2rte-db_4ce10.a(button.o)
 .comment       0x00000000       0x24 lib/libnios2rte-db_4ce10.a(led.o)
 .comment       0x00000000       0x24 lib/libnios2rte-db_4ce10.a(program.o)
 .comment       0x00000000       0x24 lib/libnios2rte-db_4ce10.a(roomba.o)
 .comment       0x00000000       0x24 lib/libnios2rte-db_4ce10.a(tools.o)
 .comment       0x00000000       0x24 lib/libnios2rte-db_4ce10.a(uart.o)
 .comment       0x00000000       0x24 lib/libnios2rte-db_4ce10.a(workbench.o)
 .comment       0x00000000       0x24 lib/libnios2rte-db_4ce10.a(mymath.o)
 .comment       0x00000000       0x24 /opt/altera12.0/nios2eds/bin/gnu/H-i686-pc-linux-gnu/bin/../lib/gcc/nios2-elf/4.1.2/../../../../nios2-elf/lib/libm.a(lib_a-s_atan.o)
 .comment       0x00000000       0x24 /opt/altera12.0/nios2eds/bin/gnu/H-i686-pc-linux-gnu/bin/../lib/gcc/nios2-elf/4.1.2/../../../../nios2-elf/lib/libm.a(lib_a-s_fabs.o)
 .comment       0x00000000       0x24 /opt/altera12.0/nios2eds/bin/gnu/H-i686-pc-linux-gnu/bin/../lib/gcc/nios2-elf/4.1.2/libgcc.a(_addsub_sf.o)
 .comment       0x00000000       0x24 /opt/altera12.0/nios2eds/bin/gnu/H-i686-pc-linux-gnu/bin/../lib/gcc/nios2-elf/4.1.2/libgcc.a(_mul_sf.o)
 .comment       0x00000000       0x24 /opt/altera12.0/nios2eds/bin/gnu/H-i686-pc-linux-gnu/bin/../lib/gcc/nios2-elf/4.1.2/libgcc.a(_div_sf.o)
 .comment       0x00000000       0x24 /opt/altera12.0/nios2eds/bin/gnu/H-i686-pc-linux-gnu/bin/../lib/gcc/nios2-elf/4.1.2/libgcc.a(_eq_sf.o)
 .comment       0x00000000       0x24 /opt/altera12.0/nios2eds/bin/gnu/H-i686-pc-linux-gnu/bin/../lib/gcc/nios2-elf/4.1.2/libgcc.a(_ne_sf.o)
 .comment       0x00000000       0x24 /opt/altera12.0/nios2eds/bin/gnu/H-i686-pc-linux-gnu/bin/../lib/gcc/nios2-elf/4.1.2/libgcc.a(_gt_sf.o)
 .comment       0x00000000       0x24 /opt/altera12.0/nios2eds/bin/gnu/H-i686-pc-linux-gnu/bin/../lib/gcc/nios2-elf/4.1.2/libgcc.a(_lt_sf.o)
 .comment       0x00000000       0x24 /opt/altera12.0/nios2eds/bin/gnu/H-i686-pc-linux-gnu/bin/../lib/gcc/nios2-elf/4.1.2/libgcc.a(_si_to_sf.o)
 .comment       0x00000000       0x24 /opt/altera12.0/nios2eds/bin/gnu/H-i686-pc-linux-gnu/bin/../lib/gcc/nios2-elf/4.1.2/libgcc.a(_sf_to_si.o)
 .comment       0x00000000       0x24 /opt/altera12.0/nios2eds/bin/gnu/H-i686-pc-linux-gnu/bin/../lib/gcc/nios2-elf/4.1.2/libgcc.a(_sf_to_df.o)
 .comment       0x00000000       0x24 /opt/altera12.0/nios2eds/bin/gnu/H-i686-pc-linux-gnu/bin/../lib/gcc/nios2-elf/4.1.2/libgcc.a(_thenan_sf.o)
 .comment       0x00000000       0x24 /opt/altera12.0/nios2eds/bin/gnu/H-i686-pc-linux-gnu/bin/../lib/gcc/nios2-elf/4.1.2/libgcc.a(_addsub_df.o)
 .comment       0x00000000       0x24 /opt/altera12.0/nios2eds/bin/gnu/H-i686-pc-linux-gnu/bin/../lib/gcc/nios2-elf/4.1.2/libgcc.a(_mul_df.o)
 .comment       0x00000000       0x24 /opt/altera12.0/nios2eds/bin/gnu/H-i686-pc-linux-gnu/bin/../lib/gcc/nios2-elf/4.1.2/libgcc.a(_div_df.o)
 .comment       0x00000000       0x24 /opt/altera12.0/nios2eds/bin/gnu/H-i686-pc-linux-gnu/bin/../lib/gcc/nios2-elf/4.1.2/libgcc.a(_gt_df.o)
 .comment       0x00000000       0x24 /opt/altera12.0/nios2eds/bin/gnu/H-i686-pc-linux-gnu/bin/../lib/gcc/nios2-elf/4.1.2/libgcc.a(_make_df.o)
 .comment       0x00000000       0x24 /opt/altera12.0/nios2eds/bin/gnu/H-i686-pc-linux-gnu/bin/../lib/gcc/nios2-elf/4.1.2/libgcc.a(_df_to_sf.o)
 .comment       0x00000000       0x24 /opt/altera12.0/nios2eds/bin/gnu/H-i686-pc-linux-gnu/bin/../lib/gcc/nios2-elf/4.1.2/libgcc.a(_thenan_df.o)
 .comment       0x00000000       0x24 /opt/altera12.0/nios2eds/bin/gnu/H-i686-pc-linux-gnu/bin/../lib/gcc/nios2-elf/4.1.2/libgcc.a(lib2-divmod.o)
 .comment       0x00000000       0x24 /opt/altera12.0/nios2eds/bin/gnu/H-i686-pc-linux-gnu/bin/../lib/gcc/nios2-elf/4.1.2/libgcc.a(lib2-mul.o)
 .comment       0x00000000       0x24 /opt/altera12.0/nios2eds/bin/gnu/H-i686-pc-linux-gnu/bin/../lib/gcc/nios2-elf/4.1.2/libgcc.a(_muldi3.o)
 .comment       0x00000000       0x24 /opt/altera12.0/nios2eds/bin/gnu/H-i686-pc-linux-gnu/bin/../lib/gcc/nios2-elf/4.1.2/libgcc.a(_clzsi2.o)
 .comment       0x00000000       0x24 /opt/altera12.0/nios2eds/bin/gnu/H-i686-pc-linux-gnu/bin/../lib/gcc/nios2-elf/4.1.2/libgcc.a(_pack_sf.o)
 .comment       0x00000000       0x24 /opt/altera12.0/nios2eds/bin/gnu/H-i686-pc-linux-gnu/bin/../lib/gcc/nios2-elf/4.1.2/libgcc.a(_unpack_sf.o)
 .comment       0x00000000       0x24 /opt/altera12.0/nios2eds/bin/gnu/H-i686-pc-linux-gnu/bin/../lib/gcc/nios2-elf/4.1.2/libgcc.a(_fpcmp_parts_sf.o)
 .comment       0x00000000       0x24 /opt/altera12.0/nios2eds/bin/gnu/H-i686-pc-linux-gnu/bin/../lib/gcc/nios2-elf/4.1.2/libgcc.a(_make_sf.o)
 .comment       0x00000000       0x24 /opt/altera12.0/nios2eds/bin/gnu/H-i686-pc-linux-gnu/bin/../lib/gcc/nios2-elf/4.1.2/libgcc.a(_pack_df.o)
 .comment       0x00000000       0x24 /opt/altera12.0/nios2eds/bin/gnu/H-i686-pc-linux-gnu/bin/../lib/gcc/nios2-elf/4.1.2/libgcc.a(_unpack_df.o)
 .comment       0x00000000       0x24 /opt/altera12.0/nios2eds/bin/gnu/H-i686-pc-linux-gnu/bin/../lib/gcc/nios2-elf/4.1.2/libgcc.a(_fpcmp_parts_df.o)
 .comment       0x00000000       0x24 /opt/altera12.0/nios2eds/bin/gnu/H-i686-pc-linux-gnu/bin/../lib/gcc/nios2-elf/4.1.2/libgcc.a(_clz.o)
 .comment       0x00000000       0x24 /opt/altera12.0/nios2eds/bin/gnu/H-i686-pc-linux-gnu/bin/../lib/gcc/nios2-elf/4.1.2/../../../../nios2-elf/lib/libc.a(lib_a-exit.o)
 .comment       0x00000000       0x24 /opt/altera12.0/nios2eds/bin/gnu/H-i686-pc-linux-gnu/bin/../lib/gcc/nios2-elf/4.1.2/../../../../nios2-elf/lib/libc.a(lib_a-impure.o)
 .comment       0x00000000       0x24 /opt/altera12.0/nios2eds/bin/gnu/H-i686-pc-linux-gnu/bin/../lib/gcc/nios2-elf/4.1.2/../../../../nios2-elf/lib/libc.a(lib_a-__call_atexit.o)
 .comment       0x00000000       0x24 /opt/altera12.0/nios2eds/bin/gnu/H-i686-pc-linux-gnu/bin/../lib/gcc/nios2-elf/4.1.2/../../../../nios2-elf/lib/libnosys.a(nosys_close.o)
 .comment       0x00000000       0x24 /opt/altera12.0/nios2eds/bin/gnu/H-i686-pc-linux-gnu/bin/../lib/gcc/nios2-elf/4.1.2/../../../../nios2-elf/lib/libnosys.a(nosys_exit.o)
 .comment       0x00000000       0x24 /opt/altera12.0/nios2eds/bin/gnu/H-i686-pc-linux-gnu/bin/../lib/gcc/nios2-elf/4.1.2/../../../../nios2-elf/lib/libc.a(lib_a-int_errno.o)

.debug
 *(.debug)

.line
 *(.line)

.debug_srcinfo
 *(.debug_srcinfo)

.debug_sfnames
 *(.debug_sfnames)

.debug_aranges  0x00000000      0x580
 *(.debug_aranges)
 .debug_aranges
                0x00000000       0x20 main.o
 .debug_aranges
                0x00000020       0x20 lib/libnios2rte-db_4ce10.a(alt_load.o)
 .debug_aranges
                0x00000040       0x20 lib/libnios2rte-db_4ce10.a(alt_main.o)
 .debug_aranges
                0x00000060       0x20 lib/libnios2rte-db_4ce10.a(button.o)
 .debug_aranges
                0x00000080       0x20 lib/libnios2rte-db_4ce10.a(led.o)
 .debug_aranges
                0x000000a0       0x20 lib/libnios2rte-db_4ce10.a(program.o)
 .debug_aranges
                0x000000c0       0x20 lib/libnios2rte-db_4ce10.a(roomba.o)
 .debug_aranges
                0x000000e0       0x20 lib/libnios2rte-db_4ce10.a(tools.o)
 .debug_aranges
                0x00000100       0x20 lib/libnios2rte-db_4ce10.a(uart.o)
 .debug_aranges
                0x00000120       0x20 lib/libnios2rte-db_4ce10.a(workbench.o)
 .debug_aranges
                0x00000140       0x20 lib/libnios2rte-db_4ce10.a(mymath.o)
 .debug_aranges
                0x00000160       0x20 /opt/altera12.0/nios2eds/bin/gnu/H-i686-pc-linux-gnu/bin/../lib/gcc/nios2-elf/4.1.2/../../../../nios2-elf/lib/libm.a(lib_a-s_atan.o)
 .debug_aranges
                0x00000180       0x20 /opt/altera12.0/nios2eds/bin/gnu/H-i686-pc-linux-gnu/bin/../lib/gcc/nios2-elf/4.1.2/../../../../nios2-elf/lib/libm.a(lib_a-s_fabs.o)
 .debug_aranges
                0x000001a0       0x20 /opt/altera12.0/nios2eds/bin/gnu/H-i686-pc-linux-gnu/bin/../lib/gcc/nios2-elf/4.1.2/libgcc.a(_addsub_sf.o)
 .debug_aranges
                0x000001c0       0x20 /opt/altera12.0/nios2eds/bin/gnu/H-i686-pc-linux-gnu/bin/../lib/gcc/nios2-elf/4.1.2/libgcc.a(_mul_sf.o)
 .debug_aranges
                0x000001e0       0x20 /opt/altera12.0/nios2eds/bin/gnu/H-i686-pc-linux-gnu/bin/../lib/gcc/nios2-elf/4.1.2/libgcc.a(_div_sf.o)
 .debug_aranges
                0x00000200       0x20 /opt/altera12.0/nios2eds/bin/gnu/H-i686-pc-linux-gnu/bin/../lib/gcc/nios2-elf/4.1.2/libgcc.a(_eq_sf.o)
 .debug_aranges
                0x00000220       0x20 /opt/altera12.0/nios2eds/bin/gnu/H-i686-pc-linux-gnu/bin/../lib/gcc/nios2-elf/4.1.2/libgcc.a(_ne_sf.o)
 .debug_aranges
                0x00000240       0x20 /opt/altera12.0/nios2eds/bin/gnu/H-i686-pc-linux-gnu/bin/../lib/gcc/nios2-elf/4.1.2/libgcc.a(_gt_sf.o)
 .debug_aranges
                0x00000260       0x20 /opt/altera12.0/nios2eds/bin/gnu/H-i686-pc-linux-gnu/bin/../lib/gcc/nios2-elf/4.1.2/libgcc.a(_lt_sf.o)
 .debug_aranges
                0x00000280       0x20 /opt/altera12.0/nios2eds/bin/gnu/H-i686-pc-linux-gnu/bin/../lib/gcc/nios2-elf/4.1.2/libgcc.a(_si_to_sf.o)
 .debug_aranges
                0x000002a0       0x20 /opt/altera12.0/nios2eds/bin/gnu/H-i686-pc-linux-gnu/bin/../lib/gcc/nios2-elf/4.1.2/libgcc.a(_sf_to_si.o)
 .debug_aranges
                0x000002c0       0x20 /opt/altera12.0/nios2eds/bin/gnu/H-i686-pc-linux-gnu/bin/../lib/gcc/nios2-elf/4.1.2/libgcc.a(_sf_to_df.o)
 .debug_aranges
                0x000002e0       0x20 /opt/altera12.0/nios2eds/bin/gnu/H-i686-pc-linux-gnu/bin/../lib/gcc/nios2-elf/4.1.2/libgcc.a(_addsub_df.o)
 .debug_aranges
                0x00000300       0x20 /opt/altera12.0/nios2eds/bin/gnu/H-i686-pc-linux-gnu/bin/../lib/gcc/nios2-elf/4.1.2/libgcc.a(_mul_df.o)
 .debug_aranges
                0x00000320       0x20 /opt/altera12.0/nios2eds/bin/gnu/H-i686-pc-linux-gnu/bin/../lib/gcc/nios2-elf/4.1.2/libgcc.a(_div_df.o)
 .debug_aranges
                0x00000340       0x20 /opt/altera12.0/nios2eds/bin/gnu/H-i686-pc-linux-gnu/bin/../lib/gcc/nios2-elf/4.1.2/libgcc.a(_gt_df.o)
 .debug_aranges
                0x00000360       0x20 /opt/altera12.0/nios2eds/bin/gnu/H-i686-pc-linux-gnu/bin/../lib/gcc/nios2-elf/4.1.2/libgcc.a(_make_df.o)
 .debug_aranges
                0x00000380       0x20 /opt/altera12.0/nios2eds/bin/gnu/H-i686-pc-linux-gnu/bin/../lib/gcc/nios2-elf/4.1.2/libgcc.a(_df_to_sf.o)
 .debug_aranges
                0x000003a0       0x20 /opt/altera12.0/nios2eds/bin/gnu/H-i686-pc-linux-gnu/bin/../lib/gcc/nios2-elf/4.1.2/libgcc.a(lib2-divmod.o)
 .debug_aranges
                0x000003c0       0x20 /opt/altera12.0/nios2eds/bin/gnu/H-i686-pc-linux-gnu/bin/../lib/gcc/nios2-elf/4.1.2/libgcc.a(lib2-mul.o)
 .debug_aranges
                0x000003e0       0x20 /opt/altera12.0/nios2eds/bin/gnu/H-i686-pc-linux-gnu/bin/../lib/gcc/nios2-elf/4.1.2/libgcc.a(_muldi3.o)
 .debug_aranges
                0x00000400       0x20 /opt/altera12.0/nios2eds/bin/gnu/H-i686-pc-linux-gnu/bin/../lib/gcc/nios2-elf/4.1.2/libgcc.a(_clzsi2.o)
 .debug_aranges
                0x00000420       0x20 /opt/altera12.0/nios2eds/bin/gnu/H-i686-pc-linux-gnu/bin/../lib/gcc/nios2-elf/4.1.2/libgcc.a(_pack_sf.o)
 .debug_aranges
                0x00000440       0x20 /opt/altera12.0/nios2eds/bin/gnu/H-i686-pc-linux-gnu/bin/../lib/gcc/nios2-elf/4.1.2/libgcc.a(_unpack_sf.o)
 .debug_aranges
                0x00000460       0x20 /opt/altera12.0/nios2eds/bin/gnu/H-i686-pc-linux-gnu/bin/../lib/gcc/nios2-elf/4.1.2/libgcc.a(_fpcmp_parts_sf.o)
 .debug_aranges
                0x00000480       0x20 /opt/altera12.0/nios2eds/bin/gnu/H-i686-pc-linux-gnu/bin/../lib/gcc/nios2-elf/4.1.2/libgcc.a(_make_sf.o)
 .debug_aranges
                0x000004a0       0x20 /opt/altera12.0/nios2eds/bin/gnu/H-i686-pc-linux-gnu/bin/../lib/gcc/nios2-elf/4.1.2/libgcc.a(_pack_df.o)
 .debug_aranges
                0x000004c0       0x20 /opt/altera12.0/nios2eds/bin/gnu/H-i686-pc-linux-gnu/bin/../lib/gcc/nios2-elf/4.1.2/libgcc.a(_unpack_df.o)
 .debug_aranges
                0x000004e0       0x20 /opt/altera12.0/nios2eds/bin/gnu/H-i686-pc-linux-gnu/bin/../lib/gcc/nios2-elf/4.1.2/libgcc.a(_fpcmp_parts_df.o)
 .debug_aranges
                0x00000500       0x20 /opt/altera12.0/nios2eds/bin/gnu/H-i686-pc-linux-gnu/bin/../lib/gcc/nios2-elf/4.1.2/../../../../nios2-elf/lib/libc.a(lib_a-exit.o)
 .debug_aranges
                0x00000520       0x20 /opt/altera12.0/nios2eds/bin/gnu/H-i686-pc-linux-gnu/bin/../lib/gcc/nios2-elf/4.1.2/../../../../nios2-elf/lib/libc.a(lib_a-__call_atexit.o)
 .debug_aranges
                0x00000540       0x20 /opt/altera12.0/nios2eds/bin/gnu/H-i686-pc-linux-gnu/bin/../lib/gcc/nios2-elf/4.1.2/../../../../nios2-elf/lib/libnosys.a(nosys_close.o)
 .debug_aranges
                0x00000560       0x20 /opt/altera12.0/nios2eds/bin/gnu/H-i686-pc-linux-gnu/bin/../lib/gcc/nios2-elf/4.1.2/../../../../nios2-elf/lib/libnosys.a(nosys_exit.o)

.debug_pubnames
                0x00000000     0x1116
 *(.debug_pubnames)
 .debug_pubnames
                0x00000000       0x1b main.o
 .debug_pubnames
                0x0000001b       0x1f lib/libnios2rte-db_4ce10.a(alt_load.o)
 .debug_pubnames
                0x0000003a       0x46 lib/libnios2rte-db_4ce10.a(alt_main.o)
 .debug_pubnames
                0x00000080       0x45 lib/libnios2rte-db_4ce10.a(button.o)
 .debug_pubnames
                0x000000c5       0x3e lib/libnios2rte-db_4ce10.a(led.o)
 .debug_pubnames
                0x00000103      0x248 lib/libnios2rte-db_4ce10.a(program.o)
 .debug_pubnames
                0x0000034b      0x735 lib/libnios2rte-db_4ce10.a(roomba.o)
 .debug_pubnames
                0x00000a80       0x4f lib/libnios2rte-db_4ce10.a(tools.o)
 .debug_pubnames
                0x00000acf       0x66 lib/libnios2rte-db_4ce10.a(uart.o)
 .debug_pubnames
                0x00000b35       0x6c lib/libnios2rte-db_4ce10.a(workbench.o)
 .debug_pubnames
                0x00000ba1       0x58 lib/libnios2rte-db_4ce10.a(mymath.o)
 .debug_pubnames
                0x00000bf9       0x1b /opt/altera12.0/nios2eds/bin/gnu/H-i686-pc-linux-gnu/bin/../lib/gcc/nios2-elf/4.1.2/../../../../nios2-elf/lib/libm.a(lib_a-s_atan.o)
 .debug_pubnames
                0x00000c14       0x1b /opt/altera12.0/nios2eds/bin/gnu/H-i686-pc-linux-gnu/bin/../lib/gcc/nios2-elf/4.1.2/../../../../nios2-elf/lib/libm.a(lib_a-s_fabs.o)
 .debug_pubnames
                0x00000c2f       0x2c /opt/altera12.0/nios2eds/bin/gnu/H-i686-pc-linux-gnu/bin/../lib/gcc/nios2-elf/4.1.2/libgcc.a(_addsub_sf.o)
 .debug_pubnames
                0x00000c5b       0x1f /opt/altera12.0/nios2eds/bin/gnu/H-i686-pc-linux-gnu/bin/../lib/gcc/nios2-elf/4.1.2/libgcc.a(_mul_sf.o)
 .debug_pubnames
                0x00000c7a       0x1f /opt/altera12.0/nios2eds/bin/gnu/H-i686-pc-linux-gnu/bin/../lib/gcc/nios2-elf/4.1.2/libgcc.a(_div_sf.o)
 .debug_pubnames
                0x00000c99       0x1e /opt/altera12.0/nios2eds/bin/gnu/H-i686-pc-linux-gnu/bin/../lib/gcc/nios2-elf/4.1.2/libgcc.a(_eq_sf.o)
 .debug_pubnames
                0x00000cb7       0x1e /opt/altera12.0/nios2eds/bin/gnu/H-i686-pc-linux-gnu/bin/../lib/gcc/nios2-elf/4.1.2/libgcc.a(_ne_sf.o)
 .debug_pubnames
                0x00000cd5       0x1e /opt/altera12.0/nios2eds/bin/gnu/H-i686-pc-linux-gnu/bin/../lib/gcc/nios2-elf/4.1.2/libgcc.a(_gt_sf.o)
 .debug_pubnames
                0x00000cf3       0x1e /opt/altera12.0/nios2eds/bin/gnu/H-i686-pc-linux-gnu/bin/../lib/gcc/nios2-elf/4.1.2/libgcc.a(_lt_sf.o)
 .debug_pubnames
                0x00000d11       0x22 /opt/altera12.0/nios2eds/bin/gnu/H-i686-pc-linux-gnu/bin/../lib/gcc/nios2-elf/4.1.2/libgcc.a(_si_to_sf.o)
 .debug_pubnames
                0x00000d33       0x20 /opt/altera12.0/nios2eds/bin/gnu/H-i686-pc-linux-gnu/bin/../lib/gcc/nios2-elf/4.1.2/libgcc.a(_sf_to_si.o)
 .debug_pubnames
                0x00000d53       0x24 /opt/altera12.0/nios2eds/bin/gnu/H-i686-pc-linux-gnu/bin/../lib/gcc/nios2-elf/4.1.2/libgcc.a(_sf_to_df.o)
 .debug_pubnames
                0x00000d77       0x22 /opt/altera12.0/nios2eds/bin/gnu/H-i686-pc-linux-gnu/bin/../lib/gcc/nios2-elf/4.1.2/libgcc.a(_thenan_sf.o)
 .debug_pubnames
                0x00000d99       0x2c /opt/altera12.0/nios2eds/bin/gnu/H-i686-pc-linux-gnu/bin/../lib/gcc/nios2-elf/4.1.2/libgcc.a(_addsub_df.o)
 .debug_pubnames
                0x00000dc5       0x1f /opt/altera12.0/nios2eds/bin/gnu/H-i686-pc-linux-gnu/bin/../lib/gcc/nios2-elf/4.1.2/libgcc.a(_mul_df.o)
 .debug_pubnames
                0x00000de4       0x1f /opt/altera12.0/nios2eds/bin/gnu/H-i686-pc-linux-gnu/bin/../lib/gcc/nios2-elf/4.1.2/libgcc.a(_div_df.o)
 .debug_pubnames
                0x00000e03       0x1e /opt/altera12.0/nios2eds/bin/gnu/H-i686-pc-linux-gnu/bin/../lib/gcc/nios2-elf/4.1.2/libgcc.a(_gt_df.o)
 .debug_pubnames
                0x00000e21       0x20 /opt/altera12.0/nios2eds/bin/gnu/H-i686-pc-linux-gnu/bin/../lib/gcc/nios2-elf/4.1.2/libgcc.a(_make_df.o)
 .debug_pubnames
                0x00000e41       0x23 /opt/altera12.0/nios2eds/bin/gnu/H-i686-pc-linux-gnu/bin/../lib/gcc/nios2-elf/4.1.2/libgcc.a(_df_to_sf.o)
 .debug_pubnames
                0x00000e64       0x22 /opt/altera12.0/nios2eds/bin/gnu/H-i686-pc-linux-gnu/bin/../lib/gcc/nios2-elf/4.1.2/libgcc.a(_thenan_df.o)
 .debug_pubnames
                0x00000e86       0x48 /opt/altera12.0/nios2eds/bin/gnu/H-i686-pc-linux-gnu/bin/../lib/gcc/nios2-elf/4.1.2/libgcc.a(lib2-divmod.o)
 .debug_pubnames
                0x00000ece       0x1f /opt/altera12.0/nios2eds/bin/gnu/H-i686-pc-linux-gnu/bin/../lib/gcc/nios2-elf/4.1.2/libgcc.a(lib2-mul.o)
 .debug_pubnames
                0x00000eed       0x1f /opt/altera12.0/nios2eds/bin/gnu/H-i686-pc-linux-gnu/bin/../lib/gcc/nios2-elf/4.1.2/libgcc.a(_muldi3.o)
 .debug_pubnames
                0x00000f0c       0x1f /opt/altera12.0/nios2eds/bin/gnu/H-i686-pc-linux-gnu/bin/../lib/gcc/nios2-elf/4.1.2/libgcc.a(_clzsi2.o)
 .debug_pubnames
                0x00000f2b       0x1f /opt/altera12.0/nios2eds/bin/gnu/H-i686-pc-linux-gnu/bin/../lib/gcc/nios2-elf/4.1.2/libgcc.a(_pack_sf.o)
 .debug_pubnames
                0x00000f4a       0x21 /opt/altera12.0/nios2eds/bin/gnu/H-i686-pc-linux-gnu/bin/../lib/gcc/nios2-elf/4.1.2/libgcc.a(_unpack_sf.o)
 .debug_pubnames
                0x00000f6b       0x26 /opt/altera12.0/nios2eds/bin/gnu/H-i686-pc-linux-gnu/bin/../lib/gcc/nios2-elf/4.1.2/libgcc.a(_fpcmp_parts_sf.o)
 .debug_pubnames
                0x00000f91       0x20 /opt/altera12.0/nios2eds/bin/gnu/H-i686-pc-linux-gnu/bin/../lib/gcc/nios2-elf/4.1.2/libgcc.a(_make_sf.o)
 .debug_pubnames
                0x00000fb1       0x1f /opt/altera12.0/nios2eds/bin/gnu/H-i686-pc-linux-gnu/bin/../lib/gcc/nios2-elf/4.1.2/libgcc.a(_pack_df.o)
 .debug_pubnames
                0x00000fd0       0x21 /opt/altera12.0/nios2eds/bin/gnu/H-i686-pc-linux-gnu/bin/../lib/gcc/nios2-elf/4.1.2/libgcc.a(_unpack_df.o)
 .debug_pubnames
                0x00000ff1       0x26 /opt/altera12.0/nios2eds/bin/gnu/H-i686-pc-linux-gnu/bin/../lib/gcc/nios2-elf/4.1.2/libgcc.a(_fpcmp_parts_df.o)
 .debug_pubnames
                0x00001017       0x20 /opt/altera12.0/nios2eds/bin/gnu/H-i686-pc-linux-gnu/bin/../lib/gcc/nios2-elf/4.1.2/libgcc.a(_clz.o)
 .debug_pubnames
                0x00001037       0x1b /opt/altera12.0/nios2eds/bin/gnu/H-i686-pc-linux-gnu/bin/../lib/gcc/nios2-elf/4.1.2/../../../../nios2-elf/lib/libc.a(lib_a-exit.o)
 .debug_pubnames
                0x00001052       0x39 /opt/altera12.0/nios2eds/bin/gnu/H-i686-pc-linux-gnu/bin/../lib/gcc/nios2-elf/4.1.2/../../../../nios2-elf/lib/libc.a(lib_a-impure.o)
 .debug_pubnames
                0x0000108b       0x27 /opt/altera12.0/nios2eds/bin/gnu/H-i686-pc-linux-gnu/bin/../lib/gcc/nios2-elf/4.1.2/../../../../nios2-elf/lib/libc.a(lib_a-__call_atexit.o)
 .debug_pubnames
                0x000010b2       0x1c /opt/altera12.0/nios2eds/bin/gnu/H-i686-pc-linux-gnu/bin/../lib/gcc/nios2-elf/4.1.2/../../../../nios2-elf/lib/libnosys.a(nosys_close.o)
 .debug_pubnames
                0x000010ce       0x2c /opt/altera12.0/nios2eds/bin/gnu/H-i686-pc-linux-gnu/bin/../lib/gcc/nios2-elf/4.1.2/../../../../nios2-elf/lib/libnosys.a(nosys_exit.o)
 .debug_pubnames
                0x000010fa       0x1c /opt/altera12.0/nios2eds/bin/gnu/H-i686-pc-linux-gnu/bin/../lib/gcc/nios2-elf/4.1.2/../../../../nios2-elf/lib/libc.a(lib_a-int_errno.o)

.debug_info     0x00000000     0x9aec
 *(.debug_info .gnu.linkonce.wi.*)
 .debug_info    0x00000000      0x178 main.o
 .debug_info    0x00000178      0x260 lib/libnios2rte-db_4ce10.a(alt_load.o)
 .debug_info    0x000003d8      0x1f8 lib/libnios2rte-db_4ce10.a(alt_main.o)
 .debug_info    0x000005d0      0x1ee lib/libnios2rte-db_4ce10.a(button.o)
 .debug_info    0x000007be      0x17d lib/libnios2rte-db_4ce10.a(led.o)
 .debug_info    0x0000093b      0x9ed lib/libnios2rte-db_4ce10.a(program.o)
 .debug_info    0x00001328      0xfac lib/libnios2rte-db_4ce10.a(roomba.o)
 .debug_info    0x000022d4      0x1f8 lib/libnios2rte-db_4ce10.a(tools.o)
 .debug_info    0x000024cc      0x2ac lib/libnios2rte-db_4ce10.a(uart.o)
 .debug_info    0x00002778      0x40a lib/libnios2rte-db_4ce10.a(workbench.o)
 .debug_info    0x00002b82      0x247 lib/libnios2rte-db_4ce10.a(mymath.o)
 .debug_info    0x00002dc9      0x278 /opt/altera12.0/nios2eds/bin/gnu/H-i686-pc-linux-gnu/bin/../lib/gcc/nios2-elf/4.1.2/../../../../nios2-elf/lib/libm.a(lib_a-s_atan.o)
 .debug_info    0x00003041      0x13b /opt/altera12.0/nios2eds/bin/gnu/H-i686-pc-linux-gnu/bin/../lib/gcc/nios2-elf/4.1.2/../../../../nios2-elf/lib/libm.a(lib_a-s_fabs.o)
 .debug_info    0x0000317c      0x47f /opt/altera12.0/nios2eds/bin/gnu/H-i686-pc-linux-gnu/bin/../lib/gcc/nios2-elf/4.1.2/libgcc.a(_addsub_sf.o)
 .debug_info    0x000035fb      0x3d4 /opt/altera12.0/nios2eds/bin/gnu/H-i686-pc-linux-gnu/bin/../lib/gcc/nios2-elf/4.1.2/libgcc.a(_mul_sf.o)
 .debug_info    0x000039cf      0x391 /opt/altera12.0/nios2eds/bin/gnu/H-i686-pc-linux-gnu/bin/../lib/gcc/nios2-elf/4.1.2/libgcc.a(_div_sf.o)
 .debug_info    0x00003d60      0x290 /opt/altera12.0/nios2eds/bin/gnu/H-i686-pc-linux-gnu/bin/../lib/gcc/nios2-elf/4.1.2/libgcc.a(_eq_sf.o)
 .debug_info    0x00003ff0      0x290 /opt/altera12.0/nios2eds/bin/gnu/H-i686-pc-linux-gnu/bin/../lib/gcc/nios2-elf/4.1.2/libgcc.a(_ne_sf.o)
 .debug_info    0x00004280      0x290 /opt/altera12.0/nios2eds/bin/gnu/H-i686-pc-linux-gnu/bin/../lib/gcc/nios2-elf/4.1.2/libgcc.a(_gt_sf.o)
 .debug_info    0x00004510      0x290 /opt/altera12.0/nios2eds/bin/gnu/H-i686-pc-linux-gnu/bin/../lib/gcc/nios2-elf/4.1.2/libgcc.a(_lt_sf.o)
 .debug_info    0x000047a0      0x214 /opt/altera12.0/nios2eds/bin/gnu/H-i686-pc-linux-gnu/bin/../lib/gcc/nios2-elf/4.1.2/libgcc.a(_si_to_sf.o)
 .debug_info    0x000049b4      0x2c1 /opt/altera12.0/nios2eds/bin/gnu/H-i686-pc-linux-gnu/bin/../lib/gcc/nios2-elf/4.1.2/libgcc.a(_sf_to_si.o)
 .debug_info    0x00004c75      0x245 /opt/altera12.0/nios2eds/bin/gnu/H-i686-pc-linux-gnu/bin/../lib/gcc/nios2-elf/4.1.2/libgcc.a(_sf_to_df.o)
 .debug_info    0x00004eba      0x164 /opt/altera12.0/nios2eds/bin/gnu/H-i686-pc-linux-gnu/bin/../lib/gcc/nios2-elf/4.1.2/libgcc.a(_thenan_sf.o)
 .debug_info    0x0000501e      0x493 /opt/altera12.0/nios2eds/bin/gnu/H-i686-pc-linux-gnu/bin/../lib/gcc/nios2-elf/4.1.2/libgcc.a(_addsub_df.o)
 .debug_info    0x000054b1      0x488 /opt/altera12.0/nios2eds/bin/gnu/H-i686-pc-linux-gnu/bin/../lib/gcc/nios2-elf/4.1.2/libgcc.a(_mul_df.o)
 .debug_info    0x00005939      0x39b /opt/altera12.0/nios2eds/bin/gnu/H-i686-pc-linux-gnu/bin/../lib/gcc/nios2-elf/4.1.2/libgcc.a(_div_df.o)
 .debug_info    0x00005cd4      0x29d /opt/altera12.0/nios2eds/bin/gnu/H-i686-pc-linux-gnu/bin/../lib/gcc/nios2-elf/4.1.2/libgcc.a(_gt_df.o)
 .debug_info    0x00005f71      0x1d6 /opt/altera12.0/nios2eds/bin/gnu/H-i686-pc-linux-gnu/bin/../lib/gcc/nios2-elf/4.1.2/libgcc.a(_make_df.o)
 .debug_info    0x00006147      0x261 /opt/altera12.0/nios2eds/bin/gnu/H-i686-pc-linux-gnu/bin/../lib/gcc/nios2-elf/4.1.2/libgcc.a(_df_to_sf.o)
 .debug_info    0x000063a8      0x164 /opt/altera12.0/nios2eds/bin/gnu/H-i686-pc-linux-gnu/bin/../lib/gcc/nios2-elf/4.1.2/libgcc.a(_thenan_df.o)
 .debug_info    0x0000650c      0x21c /opt/altera12.0/nios2eds/bin/gnu/H-i686-pc-linux-gnu/bin/../lib/gcc/nios2-elf/4.1.2/libgcc.a(lib2-divmod.o)
 .debug_info    0x00006728       0xf3 /opt/altera12.0/nios2eds/bin/gnu/H-i686-pc-linux-gnu/bin/../lib/gcc/nios2-elf/4.1.2/libgcc.a(lib2-mul.o)
 .debug_info    0x0000681b      0x215 /opt/altera12.0/nios2eds/bin/gnu/H-i686-pc-linux-gnu/bin/../lib/gcc/nios2-elf/4.1.2/libgcc.a(_muldi3.o)
 .debug_info    0x00006a30      0x130 /opt/altera12.0/nios2eds/bin/gnu/H-i686-pc-linux-gnu/bin/../lib/gcc/nios2-elf/4.1.2/libgcc.a(_clzsi2.o)
 .debug_info    0x00006b60      0x2f2 /opt/altera12.0/nios2eds/bin/gnu/H-i686-pc-linux-gnu/bin/../lib/gcc/nios2-elf/4.1.2/libgcc.a(_pack_sf.o)
 .debug_info    0x00006e52      0x25a /opt/altera12.0/nios2eds/bin/gnu/H-i686-pc-linux-gnu/bin/../lib/gcc/nios2-elf/4.1.2/libgcc.a(_unpack_sf.o)
 .debug_info    0x000070ac      0x21f /opt/altera12.0/nios2eds/bin/gnu/H-i686-pc-linux-gnu/bin/../lib/gcc/nios2-elf/4.1.2/libgcc.a(_fpcmp_parts_sf.o)
 .debug_info    0x000072cb      0x1d7 /opt/altera12.0/nios2eds/bin/gnu/H-i686-pc-linux-gnu/bin/../lib/gcc/nios2-elf/4.1.2/libgcc.a(_make_sf.o)
 .debug_info    0x000074a2      0x2fc /opt/altera12.0/nios2eds/bin/gnu/H-i686-pc-linux-gnu/bin/../lib/gcc/nios2-elf/4.1.2/libgcc.a(_pack_df.o)
 .debug_info    0x0000779e      0x268 /opt/altera12.0/nios2eds/bin/gnu/H-i686-pc-linux-gnu/bin/../lib/gcc/nios2-elf/4.1.2/libgcc.a(_unpack_df.o)
 .debug_info    0x00007a06      0x21b /opt/altera12.0/nios2eds/bin/gnu/H-i686-pc-linux-gnu/bin/../lib/gcc/nios2-elf/4.1.2/libgcc.a(_fpcmp_parts_df.o)
 .debug_info    0x00007c21       0xc9 /opt/altera12.0/nios2eds/bin/gnu/H-i686-pc-linux-gnu/bin/../lib/gcc/nios2-elf/4.1.2/libgcc.a(_clz.o)
 .debug_info    0x00007cea      0x93f /opt/altera12.0/nios2eds/bin/gnu/H-i686-pc-linux-gnu/bin/../lib/gcc/nios2-elf/4.1.2/../../../../nios2-elf/lib/libc.a(lib_a-exit.o)
 .debug_info    0x00008629      0x93d /opt/altera12.0/nios2eds/bin/gnu/H-i686-pc-linux-gnu/bin/../lib/gcc/nios2-elf/4.1.2/../../../../nios2-elf/lib/libc.a(lib_a-impure.o)
 .debug_info    0x00008f66      0x9e2 /opt/altera12.0/nios2eds/bin/gnu/H-i686-pc-linux-gnu/bin/../lib/gcc/nios2-elf/4.1.2/../../../../nios2-elf/lib/libc.a(lib_a-__call_atexit.o)
 .debug_info    0x00009948       0xb0 /opt/altera12.0/nios2eds/bin/gnu/H-i686-pc-linux-gnu/bin/../lib/gcc/nios2-elf/4.1.2/../../../../nios2-elf/lib/libnosys.a(nosys_close.o)
 .debug_info    0x000099f8       0x68 /opt/altera12.0/nios2eds/bin/gnu/H-i686-pc-linux-gnu/bin/../lib/gcc/nios2-elf/4.1.2/../../../../nios2-elf/lib/libnosys.a(nosys_exit.o)
 .debug_info    0x00009a60       0x8c /opt/altera12.0/nios2eds/bin/gnu/H-i686-pc-linux-gnu/bin/../lib/gcc/nios2-elf/4.1.2/../../../../nios2-elf/lib/libc.a(lib_a-int_errno.o)

.debug_abbrev   0x00000000     0x3757
 *(.debug_abbrev)
 .debug_abbrev  0x00000000       0x83 main.o
 .debug_abbrev  0x00000083       0x88 lib/libnios2rte-db_4ce10.a(alt_load.o)
 .debug_abbrev  0x0000010b       0xb7 lib/libnios2rte-db_4ce10.a(alt_main.o)
 .debug_abbrev  0x000001c2       0xac lib/libnios2rte-db_4ce10.a(button.o)
 .debug_abbrev  0x0000026e       0x9c lib/libnios2rte-db_4ce10.a(led.o)
 .debug_abbrev  0x0000030a      0x1cb lib/libnios2rte-db_4ce10.a(program.o)
 .debug_abbrev  0x000004d5      0x1e0 lib/libnios2rte-db_4ce10.a(roomba.o)
 .debug_abbrev  0x000006b5       0x91 lib/libnios2rte-db_4ce10.a(tools.o)
 .debug_abbrev  0x00000746       0xc3 lib/libnios2rte-db_4ce10.a(uart.o)
 .debug_abbrev  0x00000809       0xe3 lib/libnios2rte-db_4ce10.a(workbench.o)
 .debug_abbrev  0x000008ec       0x6f lib/libnios2rte-db_4ce10.a(mymath.o)
 .debug_abbrev  0x0000095b      0x12e /opt/altera12.0/nios2eds/bin/gnu/H-i686-pc-linux-gnu/bin/../lib/gcc/nios2-elf/4.1.2/../../../../nios2-elf/lib/libm.a(lib_a-s_atan.o)
 .debug_abbrev  0x00000a89       0xc3 /opt/altera12.0/nios2eds/bin/gnu/H-i686-pc-linux-gnu/bin/../lib/gcc/nios2-elf/4.1.2/../../../../nios2-elf/lib/libm.a(lib_a-s_fabs.o)
 .debug_abbrev  0x00000b4c      0x1e1 /opt/altera12.0/nios2eds/bin/gnu/H-i686-pc-linux-gnu/bin/../lib/gcc/nios2-elf/4.1.2/libgcc.a(_addsub_sf.o)
 .debug_abbrev  0x00000d2d      0x206 /opt/altera12.0/nios2eds/bin/gnu/H-i686-pc-linux-gnu/bin/../lib/gcc/nios2-elf/4.1.2/libgcc.a(_mul_sf.o)
 .debug_abbrev  0x00000f33      0x1e5 /opt/altera12.0/nios2eds/bin/gnu/H-i686-pc-linux-gnu/bin/../lib/gcc/nios2-elf/4.1.2/libgcc.a(_div_sf.o)
 .debug_abbrev  0x00001118      0x151 /opt/altera12.0/nios2eds/bin/gnu/H-i686-pc-linux-gnu/bin/../lib/gcc/nios2-elf/4.1.2/libgcc.a(_eq_sf.o)
 .debug_abbrev  0x00001269      0x151 /opt/altera12.0/nios2eds/bin/gnu/H-i686-pc-linux-gnu/bin/../lib/gcc/nios2-elf/4.1.2/libgcc.a(_ne_sf.o)
 .debug_abbrev  0x000013ba      0x151 /opt/altera12.0/nios2eds/bin/gnu/H-i686-pc-linux-gnu/bin/../lib/gcc/nios2-elf/4.1.2/libgcc.a(_gt_sf.o)
 .debug_abbrev  0x0000150b      0x151 /opt/altera12.0/nios2eds/bin/gnu/H-i686-pc-linux-gnu/bin/../lib/gcc/nios2-elf/4.1.2/libgcc.a(_lt_sf.o)
 .debug_abbrev  0x0000165c      0x13d /opt/altera12.0/nios2eds/bin/gnu/H-i686-pc-linux-gnu/bin/../lib/gcc/nios2-elf/4.1.2/libgcc.a(_si_to_sf.o)
 .debug_abbrev  0x00001799      0x176 /opt/altera12.0/nios2eds/bin/gnu/H-i686-pc-linux-gnu/bin/../lib/gcc/nios2-elf/4.1.2/libgcc.a(_sf_to_si.o)
 .debug_abbrev  0x0000190f      0x128 /opt/altera12.0/nios2eds/bin/gnu/H-i686-pc-linux-gnu/bin/../lib/gcc/nios2-elf/4.1.2/libgcc.a(_sf_to_df.o)
 .debug_abbrev  0x00001a37       0xba /opt/altera12.0/nios2eds/bin/gnu/H-i686-pc-linux-gnu/bin/../lib/gcc/nios2-elf/4.1.2/libgcc.a(_thenan_sf.o)
 .debug_abbrev  0x00001af1      0x1d2 /opt/altera12.0/nios2eds/bin/gnu/H-i686-pc-linux-gnu/bin/../lib/gcc/nios2-elf/4.1.2/libgcc.a(_addsub_df.o)
 .debug_abbrev  0x00001cc3      0x204 /opt/altera12.0/nios2eds/bin/gnu/H-i686-pc-linux-gnu/bin/../lib/gcc/nios2-elf/4.1.2/libgcc.a(_mul_df.o)
 .debug_abbrev  0x00001ec7      0x1e3 /opt/altera12.0/nios2eds/bin/gnu/H-i686-pc-linux-gnu/bin/../lib/gcc/nios2-elf/4.1.2/libgcc.a(_div_df.o)
 .debug_abbrev  0x000020aa      0x151 /opt/altera12.0/nios2eds/bin/gnu/H-i686-pc-linux-gnu/bin/../lib/gcc/nios2-elf/4.1.2/libgcc.a(_gt_df.o)
 .debug_abbrev  0x000021fb      0x10f /opt/altera12.0/nios2eds/bin/gnu/H-i686-pc-linux-gnu/bin/../lib/gcc/nios2-elf/4.1.2/libgcc.a(_make_df.o)
 .debug_abbrev  0x0000230a      0x137 /opt/altera12.0/nios2eds/bin/gnu/H-i686-pc-linux-gnu/bin/../lib/gcc/nios2-elf/4.1.2/libgcc.a(_df_to_sf.o)
 .debug_abbrev  0x00002441       0xba /opt/altera12.0/nios2eds/bin/gnu/H-i686-pc-linux-gnu/bin/../lib/gcc/nios2-elf/4.1.2/libgcc.a(_thenan_df.o)
 .debug_abbrev  0x000024fb       0xe0 /opt/altera12.0/nios2eds/bin/gnu/H-i686-pc-linux-gnu/bin/../lib/gcc/nios2-elf/4.1.2/libgcc.a(lib2-divmod.o)
 .debug_abbrev  0x000025db       0x7b /opt/altera12.0/nios2eds/bin/gnu/H-i686-pc-linux-gnu/bin/../lib/gcc/nios2-elf/4.1.2/libgcc.a(lib2-mul.o)
 .debug_abbrev  0x00002656       0xee /opt/altera12.0/nios2eds/bin/gnu/H-i686-pc-linux-gnu/bin/../lib/gcc/nios2-elf/4.1.2/libgcc.a(_muldi3.o)
 .debug_abbrev  0x00002744       0xb9 /opt/altera12.0/nios2eds/bin/gnu/H-i686-pc-linux-gnu/bin/../lib/gcc/nios2-elf/4.1.2/libgcc.a(_clzsi2.o)
 .debug_abbrev  0x000027fd      0x1aa /opt/altera12.0/nios2eds/bin/gnu/H-i686-pc-linux-gnu/bin/../lib/gcc/nios2-elf/4.1.2/libgcc.a(_pack_sf.o)
 .debug_abbrev  0x000029a7      0x158 /opt/altera12.0/nios2eds/bin/gnu/H-i686-pc-linux-gnu/bin/../lib/gcc/nios2-elf/4.1.2/libgcc.a(_unpack_sf.o)
 .debug_abbrev  0x00002aff      0x132 /opt/altera12.0/nios2eds/bin/gnu/H-i686-pc-linux-gnu/bin/../lib/gcc/nios2-elf/4.1.2/libgcc.a(_fpcmp_parts_sf.o)
 .debug_abbrev  0x00002c31      0x100 /opt/altera12.0/nios2eds/bin/gnu/H-i686-pc-linux-gnu/bin/../lib/gcc/nios2-elf/4.1.2/libgcc.a(_make_sf.o)
 .debug_abbrev  0x00002d31      0x1b1 /opt/altera12.0/nios2eds/bin/gnu/H-i686-pc-linux-gnu/bin/../lib/gcc/nios2-elf/4.1.2/libgcc.a(_pack_df.o)
 .debug_abbrev  0x00002ee2      0x149 /opt/altera12.0/nios2eds/bin/gnu/H-i686-pc-linux-gnu/bin/../lib/gcc/nios2-elf/4.1.2/libgcc.a(_unpack_df.o)
 .debug_abbrev  0x0000302b      0x132 /opt/altera12.0/nios2eds/bin/gnu/H-i686-pc-linux-gnu/bin/../lib/gcc/nios2-elf/4.1.2/libgcc.a(_fpcmp_parts_df.o)
 .debug_abbrev  0x0000315d       0x61 /opt/altera12.0/nios2eds/bin/gnu/H-i686-pc-linux-gnu/bin/../lib/gcc/nios2-elf/4.1.2/libgcc.a(_clz.o)
 .debug_abbrev  0x000031be      0x16e /opt/altera12.0/nios2eds/bin/gnu/H-i686-pc-linux-gnu/bin/../lib/gcc/nios2-elf/4.1.2/../../../../nios2-elf/lib/libc.a(lib_a-exit.o)
 .debug_abbrev  0x0000332c      0x157 /opt/altera12.0/nios2eds/bin/gnu/H-i686-pc-linux-gnu/bin/../lib/gcc/nios2-elf/4.1.2/../../../../nios2-elf/lib/libc.a(lib_a-impure.o)
 .debug_abbrev  0x00003483      0x1de /opt/altera12.0/nios2eds/bin/gnu/H-i686-pc-linux-gnu/bin/../lib/gcc/nios2-elf/4.1.2/../../../../nios2-elf/lib/libc.a(lib_a-__call_atexit.o)
 .debug_abbrev  0x00003661       0x63 /opt/altera12.0/nios2eds/bin/gnu/H-i686-pc-linux-gnu/bin/../lib/gcc/nios2-elf/4.1.2/../../../../nios2-elf/lib/libnosys.a(nosys_close.o)
 .debug_abbrev  0x000036c4       0x58 /opt/altera12.0/nios2eds/bin/gnu/H-i686-pc-linux-gnu/bin/../lib/gcc/nios2-elf/4.1.2/../../../../nios2-elf/lib/libnosys.a(nosys_exit.o)
 .debug_abbrev  0x0000371c       0x3b /opt/altera12.0/nios2eds/bin/gnu/H-i686-pc-linux-gnu/bin/../lib/gcc/nios2-elf/4.1.2/../../../../nios2-elf/lib/libc.a(lib_a-int_errno.o)

.debug_line     0x00000000     0x639d
 *(.debug_line)
 .debug_line    0x00000000      0x138 main.o
 .debug_line    0x00000138      0x209 lib/libnios2rte-db_4ce10.a(alt_load.o)
 .debug_line    0x00000341      0x2a4 lib/libnios2rte-db_4ce10.a(alt_main.o)
 .debug_line    0x000005e5      0x121 lib/libnios2rte-db_4ce10.a(button.o)
 .debug_line    0x00000706       0xfe lib/libnios2rte-db_4ce10.a(led.o)
 .debug_line    0x00000804      0x6d6 lib/libnios2rte-db_4ce10.a(program.o)
 .debug_line    0x00000eda      0x5a2 lib/libnios2rte-db_4ce10.a(roomba.o)
 .debug_line    0x0000147c      0x23d lib/libnios2rte-db_4ce10.a(tools.o)
 .debug_line    0x000016b9      0x22a lib/libnios2rte-db_4ce10.a(uart.o)
 .debug_line    0x000018e3      0x2f3 lib/libnios2rte-db_4ce10.a(workbench.o)
 .debug_line    0x00001bd6      0x1d1 lib/libnios2rte-db_4ce10.a(mymath.o)
 .debug_line    0x00001da7      0x38c /opt/altera12.0/nios2eds/bin/gnu/H-i686-pc-linux-gnu/bin/../lib/gcc/nios2-elf/4.1.2/../../../../nios2-elf/lib/libm.a(lib_a-s_atan.o)
 .debug_line    0x00002133      0x222 /opt/altera12.0/nios2eds/bin/gnu/H-i686-pc-linux-gnu/bin/../lib/gcc/nios2-elf/4.1.2/../../../../nios2-elf/lib/libm.a(lib_a-s_fabs.o)
 .debug_line    0x00002355      0x3af /opt/altera12.0/nios2eds/bin/gnu/H-i686-pc-linux-gnu/bin/../lib/gcc/nios2-elf/4.1.2/libgcc.a(_addsub_sf.o)
 .debug_line    0x00002704      0x2c1 /opt/altera12.0/nios2eds/bin/gnu/H-i686-pc-linux-gnu/bin/../lib/gcc/nios2-elf/4.1.2/libgcc.a(_mul_sf.o)
 .debug_line    0x000029c5      0x26a /opt/altera12.0/nios2eds/bin/gnu/H-i686-pc-linux-gnu/bin/../lib/gcc/nios2-elf/4.1.2/libgcc.a(_div_sf.o)
 .debug_line    0x00002c2f      0x121 /opt/altera12.0/nios2eds/bin/gnu/H-i686-pc-linux-gnu/bin/../lib/gcc/nios2-elf/4.1.2/libgcc.a(_eq_sf.o)
 .debug_line    0x00002d50      0x121 /opt/altera12.0/nios2eds/bin/gnu/H-i686-pc-linux-gnu/bin/../lib/gcc/nios2-elf/4.1.2/libgcc.a(_ne_sf.o)
 .debug_line    0x00002e71      0x121 /opt/altera12.0/nios2eds/bin/gnu/H-i686-pc-linux-gnu/bin/../lib/gcc/nios2-elf/4.1.2/libgcc.a(_gt_sf.o)
 .debug_line    0x00002f92      0x121 /opt/altera12.0/nios2eds/bin/gnu/H-i686-pc-linux-gnu/bin/../lib/gcc/nios2-elf/4.1.2/libgcc.a(_lt_sf.o)
 .debug_line    0x000030b3      0x187 /opt/altera12.0/nios2eds/bin/gnu/H-i686-pc-linux-gnu/bin/../lib/gcc/nios2-elf/4.1.2/libgcc.a(_si_to_sf.o)
 .debug_line    0x0000323a      0x141 /opt/altera12.0/nios2eds/bin/gnu/H-i686-pc-linux-gnu/bin/../lib/gcc/nios2-elf/4.1.2/libgcc.a(_sf_to_si.o)
 .debug_line    0x0000337b       0xd1 /opt/altera12.0/nios2eds/bin/gnu/H-i686-pc-linux-gnu/bin/../lib/gcc/nios2-elf/4.1.2/libgcc.a(_sf_to_df.o)
 .debug_line    0x0000344c       0x94 /opt/altera12.0/nios2eds/bin/gnu/H-i686-pc-linux-gnu/bin/../lib/gcc/nios2-elf/4.1.2/libgcc.a(_thenan_sf.o)
 .debug_line    0x000034e0      0x430 /opt/altera12.0/nios2eds/bin/gnu/H-i686-pc-linux-gnu/bin/../lib/gcc/nios2-elf/4.1.2/libgcc.a(_addsub_df.o)
 .debug_line    0x00003910      0x3e5 /opt/altera12.0/nios2eds/bin/gnu/H-i686-pc-linux-gnu/bin/../lib/gcc/nios2-elf/4.1.2/libgcc.a(_mul_df.o)
 .debug_line    0x00003cf5      0x301 /opt/altera12.0/nios2eds/bin/gnu/H-i686-pc-linux-gnu/bin/../lib/gcc/nios2-elf/4.1.2/libgcc.a(_div_df.o)
 .debug_line    0x00003ff6      0x129 /opt/altera12.0/nios2eds/bin/gnu/H-i686-pc-linux-gnu/bin/../lib/gcc/nios2-elf/4.1.2/libgcc.a(_gt_df.o)
 .debug_line    0x0000411f       0xe9 /opt/altera12.0/nios2eds/bin/gnu/H-i686-pc-linux-gnu/bin/../lib/gcc/nios2-elf/4.1.2/libgcc.a(_make_df.o)
 .debug_line    0x00004208      0x121 /opt/altera12.0/nios2eds/bin/gnu/H-i686-pc-linux-gnu/bin/../lib/gcc/nios2-elf/4.1.2/libgcc.a(_df_to_sf.o)
 .debug_line    0x00004329       0x94 /opt/altera12.0/nios2eds/bin/gnu/H-i686-pc-linux-gnu/bin/../lib/gcc/nios2-elf/4.1.2/libgcc.a(_thenan_df.o)
 .debug_line    0x000043bd      0x2c3 /opt/altera12.0/nios2eds/bin/gnu/H-i686-pc-linux-gnu/bin/../lib/gcc/nios2-elf/4.1.2/libgcc.a(lib2-divmod.o)
 .debug_line    0x00004680      0x18e /opt/altera12.0/nios2eds/bin/gnu/H-i686-pc-linux-gnu/bin/../lib/gcc/nios2-elf/4.1.2/libgcc.a(lib2-mul.o)
 .debug_line    0x0000480e      0x193 /opt/altera12.0/nios2eds/bin/gnu/H-i686-pc-linux-gnu/bin/../lib/gcc/nios2-elf/4.1.2/libgcc.a(_muldi3.o)
 .debug_line    0x000049a1      0x179 /opt/altera12.0/nios2eds/bin/gnu/H-i686-pc-linux-gnu/bin/../lib/gcc/nios2-elf/4.1.2/libgcc.a(_clzsi2.o)
 .debug_line    0x00004b1a      0x1ca /opt/altera12.0/nios2eds/bin/gnu/H-i686-pc-linux-gnu/bin/../lib/gcc/nios2-elf/4.1.2/libgcc.a(_pack_sf.o)
 .debug_line    0x00004ce4      0x197 /opt/altera12.0/nios2eds/bin/gnu/H-i686-pc-linux-gnu/bin/../lib/gcc/nios2-elf/4.1.2/libgcc.a(_unpack_sf.o)
 .debug_line    0x00004e7b      0x177 /opt/altera12.0/nios2eds/bin/gnu/H-i686-pc-linux-gnu/bin/../lib/gcc/nios2-elf/4.1.2/libgcc.a(_fpcmp_parts_sf.o)
 .debug_line    0x00004ff2       0xe1 /opt/altera12.0/nios2eds/bin/gnu/H-i686-pc-linux-gnu/bin/../lib/gcc/nios2-elf/4.1.2/libgcc.a(_make_sf.o)
 .debug_line    0x000050d3      0x222 /opt/altera12.0/nios2eds/bin/gnu/H-i686-pc-linux-gnu/bin/../lib/gcc/nios2-elf/4.1.2/libgcc.a(_pack_df.o)
 .debug_line    0x000052f5      0x1e4 /opt/altera12.0/nios2eds/bin/gnu/H-i686-pc-linux-gnu/bin/../lib/gcc/nios2-elf/4.1.2/libgcc.a(_unpack_df.o)
 .debug_line    0x000054d9      0x187 /opt/altera12.0/nios2eds/bin/gnu/H-i686-pc-linux-gnu/bin/../lib/gcc/nios2-elf/4.1.2/libgcc.a(_fpcmp_parts_df.o)
 .debug_line    0x00005660      0x11e /opt/altera12.0/nios2eds/bin/gnu/H-i686-pc-linux-gnu/bin/../lib/gcc/nios2-elf/4.1.2/libgcc.a(_clz.o)
 .debug_line    0x0000577e      0x232 /opt/altera12.0/nios2eds/bin/gnu/H-i686-pc-linux-gnu/bin/../lib/gcc/nios2-elf/4.1.2/../../../../nios2-elf/lib/libc.a(lib_a-exit.o)
 .debug_line    0x000059b0      0x224 /opt/altera12.0/nios2eds/bin/gnu/H-i686-pc-linux-gnu/bin/../lib/gcc/nios2-elf/4.1.2/../../../../nios2-elf/lib/libc.a(lib_a-impure.o)
 .debug_line    0x00005bd4      0x361 /opt/altera12.0/nios2eds/bin/gnu/H-i686-pc-linux-gnu/bin/../lib/gcc/nios2-elf/4.1.2/../../../../nios2-elf/lib/libc.a(lib_a-__call_atexit.o)
 .debug_line    0x00005f35      0x1db /opt/altera12.0/nios2eds/bin/gnu/H-i686-pc-linux-gnu/bin/../lib/gcc/nios2-elf/4.1.2/../../../../nios2-elf/lib/libnosys.a(nosys_close.o)
 .debug_line    0x00006110       0xb4 /opt/altera12.0/nios2eds/bin/gnu/H-i686-pc-linux-gnu/bin/../lib/gcc/nios2-elf/4.1.2/../../../../nios2-elf/lib/libnosys.a(nosys_exit.o)
 .debug_line    0x000061c4      0x1d9 /opt/altera12.0/nios2eds/bin/gnu/H-i686-pc-linux-gnu/bin/../lib/gcc/nios2-elf/4.1.2/../../../../nios2-elf/lib/libc.a(lib_a-int_errno.o)

.debug_frame    0x00000000      0xcc0
 *(.debug_frame)
 .debug_frame   0x00000000       0x2c main.o
 .debug_frame   0x0000002c       0x48 lib/libnios2rte-db_4ce10.a(alt_load.o)
 .debug_frame   0x00000074       0x2c lib/libnios2rte-db_4ce10.a(alt_main.o)
 .debug_frame   0x000000a0       0x48 lib/libnios2rte-db_4ce10.a(button.o)
 .debug_frame   0x000000e8       0x48 lib/libnios2rte-db_4ce10.a(led.o)
 .debug_frame   0x00000130      0x180 lib/libnios2rte-db_4ce10.a(program.o)
 .debug_frame   0x000002b0      0x1d8 lib/libnios2rte-db_4ce10.a(roomba.o)
 .debug_frame   0x00000488       0x64 lib/libnios2rte-db_4ce10.a(tools.o)
 .debug_frame   0x000004ec       0x9c lib/libnios2rte-db_4ce10.a(uart.o)
 .debug_frame   0x00000588       0x70 lib/libnios2rte-db_4ce10.a(workbench.o)
 .debug_frame   0x000005f8       0xa0 lib/libnios2rte-db_4ce10.a(mymath.o)
 .debug_frame   0x00000698       0x3c /opt/altera12.0/nios2eds/bin/gnu/H-i686-pc-linux-gnu/bin/../lib/gcc/nios2-elf/4.1.2/../../../../nios2-elf/lib/libm.a(lib_a-s_atan.o)
 .debug_frame   0x000006d4       0x20 /opt/altera12.0/nios2eds/bin/gnu/H-i686-pc-linux-gnu/bin/../lib/gcc/nios2-elf/4.1.2/../../../../nios2-elf/lib/libm.a(lib_a-s_fabs.o)
 .debug_frame   0x000006f4       0x58 /opt/altera12.0/nios2eds/bin/gnu/H-i686-pc-linux-gnu/bin/../lib/gcc/nios2-elf/4.1.2/libgcc.a(_addsub_sf.o)
 .debug_frame   0x0000074c       0x2c /opt/altera12.0/nios2eds/bin/gnu/H-i686-pc-linux-gnu/bin/../lib/gcc/nios2-elf/4.1.2/libgcc.a(_mul_sf.o)
 .debug_frame   0x00000778       0x2c /opt/altera12.0/nios2eds/bin/gnu/H-i686-pc-linux-gnu/bin/../lib/gcc/nios2-elf/4.1.2/libgcc.a(_div_sf.o)
 .debug_frame   0x000007a4       0x2c /opt/altera12.0/nios2eds/bin/gnu/H-i686-pc-linux-gnu/bin/../lib/gcc/nios2-elf/4.1.2/libgcc.a(_eq_sf.o)
 .debug_frame   0x000007d0       0x2c /opt/altera12.0/nios2eds/bin/gnu/H-i686-pc-linux-gnu/bin/../lib/gcc/nios2-elf/4.1.2/libgcc.a(_ne_sf.o)
 .debug_frame   0x000007fc       0x2c /opt/altera12.0/nios2eds/bin/gnu/H-i686-pc-linux-gnu/bin/../lib/gcc/nios2-elf/4.1.2/libgcc.a(_gt_sf.o)
 .debug_frame   0x00000828       0x2c /opt/altera12.0/nios2eds/bin/gnu/H-i686-pc-linux-gnu/bin/../lib/gcc/nios2-elf/4.1.2/libgcc.a(_lt_sf.o)
 .debug_frame   0x00000854       0x28 /opt/altera12.0/nios2eds/bin/gnu/H-i686-pc-linux-gnu/bin/../lib/gcc/nios2-elf/4.1.2/libgcc.a(_si_to_sf.o)
 .debug_frame   0x0000087c       0x28 /opt/altera12.0/nios2eds/bin/gnu/H-i686-pc-linux-gnu/bin/../lib/gcc/nios2-elf/4.1.2/libgcc.a(_sf_to_si.o)
 .debug_frame   0x000008a4       0x28 /opt/altera12.0/nios2eds/bin/gnu/H-i686-pc-linux-gnu/bin/../lib/gcc/nios2-elf/4.1.2/libgcc.a(_sf_to_df.o)
 .debug_frame   0x000008cc       0x70 /opt/altera12.0/nios2eds/bin/gnu/H-i686-pc-linux-gnu/bin/../lib/gcc/nios2-elf/4.1.2/libgcc.a(_addsub_df.o)
 .debug_frame   0x0000093c       0x3c /opt/altera12.0/nios2eds/bin/gnu/H-i686-pc-linux-gnu/bin/../lib/gcc/nios2-elf/4.1.2/libgcc.a(_mul_df.o)
 .debug_frame   0x00000978       0x30 /opt/altera12.0/nios2eds/bin/gnu/H-i686-pc-linux-gnu/bin/../lib/gcc/nios2-elf/4.1.2/libgcc.a(_div_df.o)
 .debug_frame   0x000009a8       0x2c /opt/altera12.0/nios2eds/bin/gnu/H-i686-pc-linux-gnu/bin/../lib/gcc/nios2-elf/4.1.2/libgcc.a(_gt_df.o)
 .debug_frame   0x000009d4       0x28 /opt/altera12.0/nios2eds/bin/gnu/H-i686-pc-linux-gnu/bin/../lib/gcc/nios2-elf/4.1.2/libgcc.a(_make_df.o)
 .debug_frame   0x000009fc       0x28 /opt/altera12.0/nios2eds/bin/gnu/H-i686-pc-linux-gnu/bin/../lib/gcc/nios2-elf/4.1.2/libgcc.a(_df_to_sf.o)
 .debug_frame   0x00000a24       0x70 /opt/altera12.0/nios2eds/bin/gnu/H-i686-pc-linux-gnu/bin/../lib/gcc/nios2-elf/4.1.2/libgcc.a(lib2-divmod.o)
 .debug_frame   0x00000a94       0x20 /opt/altera12.0/nios2eds/bin/gnu/H-i686-pc-linux-gnu/bin/../lib/gcc/nios2-elf/4.1.2/libgcc.a(lib2-mul.o)
 .debug_frame   0x00000ab4       0x2c /opt/altera12.0/nios2eds/bin/gnu/H-i686-pc-linux-gnu/bin/../lib/gcc/nios2-elf/4.1.2/libgcc.a(_muldi3.o)
 .debug_frame   0x00000ae0       0x20 /opt/altera12.0/nios2eds/bin/gnu/H-i686-pc-linux-gnu/bin/../lib/gcc/nios2-elf/4.1.2/libgcc.a(_clzsi2.o)
 .debug_frame   0x00000b00       0x20 /opt/altera12.0/nios2eds/bin/gnu/H-i686-pc-linux-gnu/bin/../lib/gcc/nios2-elf/4.1.2/libgcc.a(_pack_sf.o)
 .debug_frame   0x00000b20       0x20 /opt/altera12.0/nios2eds/bin/gnu/H-i686-pc-linux-gnu/bin/../lib/gcc/nios2-elf/4.1.2/libgcc.a(_unpack_sf.o)
 .debug_frame   0x00000b40       0x20 /opt/altera12.0/nios2eds/bin/gnu/H-i686-pc-linux-gnu/bin/../lib/gcc/nios2-elf/4.1.2/libgcc.a(_fpcmp_parts_sf.o)
 .debug_frame   0x00000b60       0x28 /opt/altera12.0/nios2eds/bin/gnu/H-i686-pc-linux-gnu/bin/../lib/gcc/nios2-elf/4.1.2/libgcc.a(_make_sf.o)
 .debug_frame   0x00000b88       0x2c /opt/altera12.0/nios2eds/bin/gnu/H-i686-pc-linux-gnu/bin/../lib/gcc/nios2-elf/4.1.2/libgcc.a(_pack_df.o)
 .debug_frame   0x00000bb4       0x20 /opt/altera12.0/nios2eds/bin/gnu/H-i686-pc-linux-gnu/bin/../lib/gcc/nios2-elf/4.1.2/libgcc.a(_unpack_df.o)
 .debug_frame   0x00000bd4       0x20 /opt/altera12.0/nios2eds/bin/gnu/H-i686-pc-linux-gnu/bin/../lib/gcc/nios2-elf/4.1.2/libgcc.a(_fpcmp_parts_df.o)
 .debug_frame   0x00000bf4       0x28 /opt/altera12.0/nios2eds/bin/gnu/H-i686-pc-linux-gnu/bin/../lib/gcc/nios2-elf/4.1.2/../../../../nios2-elf/lib/libc.a(lib_a-exit.o)
 .debug_frame   0x00000c1c       0x4c /opt/altera12.0/nios2eds/bin/gnu/H-i686-pc-linux-gnu/bin/../lib/gcc/nios2-elf/4.1.2/../../../../nios2-elf/lib/libc.a(lib_a-__call_atexit.o)
 .debug_frame   0x00000c68       0x20 /opt/altera12.0/nios2eds/bin/gnu/H-i686-pc-linux-gnu/bin/../lib/gcc/nios2-elf/4.1.2/../../../../nios2-elf/lib/libnosys.a(nosys_close.o)
 .debug_frame   0x00000c88       0x38 /opt/altera12.0/nios2eds/bin/gnu/H-i686-pc-linux-gnu/bin/../lib/gcc/nios2-elf/4.1.2/../../../../nios2-elf/lib/libnosys.a(nosys_exit.o)

.debug_str      0x00000000      0xeb3
 *(.debug_str)
 .debug_str     0x00000000       0x12 lib/libnios2rte-db_4ce10.a(alt_load.o)
 .debug_str     0x00000012       0x12 lib/libnios2rte-db_4ce10.a(alt_main.o)
 .debug_str     0x00000024       0x12 lib/libnios2rte-db_4ce10.a(button.o)
 .debug_str     0x00000036       0x12 lib/libnios2rte-db_4ce10.a(led.o)
 .debug_str     0x00000048       0x5a lib/libnios2rte-db_4ce10.a(program.o)
 .debug_str     0x000000a2       0x77 lib/libnios2rte-db_4ce10.a(roomba.o)
 .debug_str     0x00000119       0x28 lib/libnios2rte-db_4ce10.a(workbench.o)
 .debug_str     0x00000141      0x17b /opt/altera12.0/nios2eds/bin/gnu/H-i686-pc-linux-gnu/bin/../lib/gcc/nios2-elf/4.1.2/../../../../nios2-elf/lib/libm.a(lib_a-s_atan.o)
                                0x1cd (size before relaxing)
 .debug_str     0x000002bc       0x48 /opt/altera12.0/nios2eds/bin/gnu/H-i686-pc-linux-gnu/bin/../lib/gcc/nios2-elf/4.1.2/../../../../nios2-elf/lib/libm.a(lib_a-s_fabs.o)
                                0x1b0 (size before relaxing)
 .debug_str     0x00000304      0x1b8 /opt/altera12.0/nios2eds/bin/gnu/H-i686-pc-linux-gnu/bin/../lib/gcc/nios2-elf/4.1.2/libgcc.a(_addsub_sf.o)
                                0x26b (size before relaxing)
 .debug_str     0x000004bc       0x25 /opt/altera12.0/nios2eds/bin/gnu/H-i686-pc-linux-gnu/bin/../lib/gcc/nios2-elf/4.1.2/libgcc.a(_mul_sf.o)
                                0x222 (size before relaxing)
 .debug_str     0x000004e1       0x35 /opt/altera12.0/nios2eds/bin/gnu/H-i686-pc-linux-gnu/bin/../lib/gcc/nios2-elf/4.1.2/libgcc.a(_div_sf.o)
                                0x22d (size before relaxing)
 .debug_str     0x00000516        0x8 /opt/altera12.0/nios2eds/bin/gnu/H-i686-pc-linux-gnu/bin/../lib/gcc/nios2-elf/4.1.2/libgcc.a(_eq_sf.o)
                                0x1fa (size before relaxing)
 .debug_str     0x0000051e        0x8 /opt/altera12.0/nios2eds/bin/gnu/H-i686-pc-linux-gnu/bin/../lib/gcc/nios2-elf/4.1.2/libgcc.a(_ne_sf.o)
                                0x1fa (size before relaxing)
 .debug_str     0x00000526        0x8 /opt/altera12.0/nios2eds/bin/gnu/H-i686-pc-linux-gnu/bin/../lib/gcc/nios2-elf/4.1.2/libgcc.a(_gt_sf.o)
                                0x1fa (size before relaxing)
 .debug_str     0x0000052e        0x8 /opt/altera12.0/nios2eds/bin/gnu/H-i686-pc-linux-gnu/bin/../lib/gcc/nios2-elf/4.1.2/libgcc.a(_lt_sf.o)
                                0x1fa (size before relaxing)
 .debug_str     0x00000536       0x1e /opt/altera12.0/nios2eds/bin/gnu/H-i686-pc-linux-gnu/bin/../lib/gcc/nios2-elf/4.1.2/libgcc.a(_si_to_sf.o)
                                0x1e0 (size before relaxing)
 .debug_str     0x00000554        0xa /opt/altera12.0/nios2eds/bin/gnu/H-i686-pc-linux-gnu/bin/../lib/gcc/nios2-elf/4.1.2/libgcc.a(_sf_to_si.o)
                                0x203 (size before relaxing)
 .debug_str     0x0000055e       0x15 /opt/altera12.0/nios2eds/bin/gnu/H-i686-pc-linux-gnu/bin/../lib/gcc/nios2-elf/4.1.2/libgcc.a(_sf_to_df.o)
                                0x1f4 (size before relaxing)
 .debug_str     0x00000000      0x1a5 /opt/altera12.0/nios2eds/bin/gnu/H-i686-pc-linux-gnu/bin/../lib/gcc/nios2-elf/4.1.2/libgcc.a(_thenan_sf.o)
 .debug_str     0x00000573       0x2d /opt/altera12.0/nios2eds/bin/gnu/H-i686-pc-linux-gnu/bin/../lib/gcc/nios2-elf/4.1.2/libgcc.a(_addsub_df.o)
                                0x271 (size before relaxing)
 .debug_str     0x000005a0       0x33 /opt/altera12.0/nios2eds/bin/gnu/H-i686-pc-linux-gnu/bin/../lib/gcc/nios2-elf/4.1.2/libgcc.a(_mul_df.o)
                                0x243 (size before relaxing)
 .debug_str     0x000005d3        0x9 /opt/altera12.0/nios2eds/bin/gnu/H-i686-pc-linux-gnu/bin/../lib/gcc/nios2-elf/4.1.2/libgcc.a(_div_df.o)
                                0x233 (size before relaxing)
 .debug_str     0x000005dc        0x8 /opt/altera12.0/nios2eds/bin/gnu/H-i686-pc-linux-gnu/bin/../lib/gcc/nios2-elf/4.1.2/libgcc.a(_gt_df.o)
                                0x200 (size before relaxing)
 .debug_str     0x000005e4        0xa /opt/altera12.0/nios2eds/bin/gnu/H-i686-pc-linux-gnu/bin/../lib/gcc/nios2-elf/4.1.2/libgcc.a(_make_df.o)
                                0x1bb (size before relaxing)
 .debug_str     0x000005ee       0x14 /opt/altera12.0/nios2eds/bin/gnu/H-i686-pc-linux-gnu/bin/../lib/gcc/nios2-elf/4.1.2/libgcc.a(_df_to_sf.o)
                                0x200 (size before relaxing)
 .debug_str     0x00000000      0x1a5 /opt/altera12.0/nios2eds/bin/gnu/H-i686-pc-linux-gnu/bin/../lib/gcc/nios2-elf/4.1.2/libgcc.a(_thenan_df.o)
 .debug_str     0x00000602       0x93 /opt/altera12.0/nios2eds/bin/gnu/H-i686-pc-linux-gnu/bin/../lib/gcc/nios2-elf/4.1.2/libgcc.a(lib2-divmod.o)
                                0x1b6 (size before relaxing)
 .debug_str     0x00000695       0x37 /opt/altera12.0/nios2eds/bin/gnu/H-i686-pc-linux-gnu/bin/../lib/gcc/nios2-elf/4.1.2/libgcc.a(lib2-mul.o)
                                0x177 (size before relaxing)
 .debug_str     0x000006cc       0x62 /opt/altera12.0/nios2eds/bin/gnu/H-i686-pc-linux-gnu/bin/../lib/gcc/nios2-elf/4.1.2/libgcc.a(_muldi3.o)
                                0x1ae (size before relaxing)
 .debug_str     0x0000072e       0x20 /opt/altera12.0/nios2eds/bin/gnu/H-i686-pc-linux-gnu/bin/../lib/gcc/nios2-elf/4.1.2/libgcc.a(_clzsi2.o)
                                0x180 (size before relaxing)
 .debug_str     0x0000074e       0x10 /opt/altera12.0/nios2eds/bin/gnu/H-i686-pc-linux-gnu/bin/../lib/gcc/nios2-elf/4.1.2/libgcc.a(_pack_sf.o)
                                0x202 (size before relaxing)
 .debug_str     0x0000075e        0xb /opt/altera12.0/nios2eds/bin/gnu/H-i686-pc-linux-gnu/bin/../lib/gcc/nios2-elf/4.1.2/libgcc.a(_unpack_sf.o)
                                0x1e4 (size before relaxing)
 .debug_str     0x00000769       0x10 /opt/altera12.0/nios2eds/bin/gnu/H-i686-pc-linux-gnu/bin/../lib/gcc/nios2-elf/4.1.2/libgcc.a(_fpcmp_parts_sf.o)
                                0x1c8 (size before relaxing)
 .debug_str     0x00000779        0xa /opt/altera12.0/nios2eds/bin/gnu/H-i686-pc-linux-gnu/bin/../lib/gcc/nios2-elf/4.1.2/libgcc.a(_make_sf.o)
                                0x1bb (size before relaxing)
 .debug_str     0x00000783        0x9 /opt/altera12.0/nios2eds/bin/gnu/H-i686-pc-linux-gnu/bin/../lib/gcc/nios2-elf/4.1.2/libgcc.a(_pack_df.o)
                                0x208 (size before relaxing)
 .debug_str     0x0000078c        0xb /opt/altera12.0/nios2eds/bin/gnu/H-i686-pc-linux-gnu/bin/../lib/gcc/nios2-elf/4.1.2/libgcc.a(_unpack_df.o)
                                0x1ea (size before relaxing)
 .debug_str     0x00000797       0x10 /opt/altera12.0/nios2eds/bin/gnu/H-i686-pc-linux-gnu/bin/../lib/gcc/nios2-elf/4.1.2/libgcc.a(_fpcmp_parts_df.o)
                                0x1c8 (size before relaxing)
 .debug_str     0x00000000      0x163 /opt/altera12.0/nios2eds/bin/gnu/H-i686-pc-linux-gnu/bin/../lib/gcc/nios2-elf/4.1.2/libgcc.a(_clz.o)
 .debug_str     0x000007a7      0x463 /opt/altera12.0/nios2eds/bin/gnu/H-i686-pc-linux-gnu/bin/../lib/gcc/nios2-elf/4.1.2/../../../../nios2-elf/lib/libc.a(lib_a-exit.o)
                                0x50e (size before relaxing)
 .debug_str     0x00000c0a       0xd3 /opt/altera12.0/nios2eds/bin/gnu/H-i686-pc-linux-gnu/bin/../lib/gcc/nios2-elf/4.1.2/../../../../nios2-elf/lib/libc.a(lib_a-impure.o)
                                0x51c (size before relaxing)
 .debug_str     0x00000cdd       0x7b /opt/altera12.0/nios2eds/bin/gnu/H-i686-pc-linux-gnu/bin/../lib/gcc/nios2-elf/4.1.2/../../../../nios2-elf/lib/libc.a(lib_a-__call_atexit.o)
                                0x550 (size before relaxing)
 .debug_str     0x00000d58       0xca /opt/altera12.0/nios2eds/bin/gnu/H-i686-pc-linux-gnu/bin/../lib/gcc/nios2-elf/4.1.2/../../../../nios2-elf/lib/libnosys.a(nosys_close.o)
                                0x16b (size before relaxing)
 .debug_str     0x00000e22       0x54 /opt/altera12.0/nios2eds/bin/gnu/H-i686-pc-linux-gnu/bin/../lib/gcc/nios2-elf/4.1.2/../../../../nios2-elf/lib/libnosys.a(nosys_exit.o)
                                 0xea (size before relaxing)
 .debug_str     0x00000e76       0x3d /opt/altera12.0/nios2eds/bin/gnu/H-i686-pc-linux-gnu/bin/../lib/gcc/nios2-elf/4.1.2/../../../../nios2-elf/lib/libc.a(lib_a-int_errno.o)
                                0x165 (size before relaxing)

.debug_loc      0x00000000     0x263a
 *(.debug_loc)
 .debug_loc     0x00000000       0x2b main.o
 .debug_loc     0x0000002b       0x56 lib/libnios2rte-db_4ce10.a(alt_load.o)
 .debug_loc     0x00000081       0x2b lib/libnios2rte-db_4ce10.a(alt_main.o)
 .debug_loc     0x000000ac       0x56 lib/libnios2rte-db_4ce10.a(button.o)
 .debug_loc     0x00000102       0x56 lib/libnios2rte-db_4ce10.a(led.o)